Archive member included because of file (symbol)

c:/devkitPro/libnds/lib\libnds9.a(keys.o)
                              main.o (scanKeys)
c:/devkitPro/libnds/lib\libnds9.a(sprite.o)
                              main.o (oamInit)
c:/devkitPro/libnds/lib\libnds9.a(sprite_alloc.o)
                              c:/devkitPro/libnds/lib\libnds9.a(sprite.o) (oamAllocReset)
c:/devkitPro/libnds/lib\libnds9.a(trig.o)
                              c:/devkitPro/libnds/lib\libnds9.a(sprite.o) (sinLerp)
c:/devkitPro/libnds/lib\libnds9.a(initSystem.o)
                              c:/devkitpro/devkitarm/bin/../lib/gcc/arm-eabi/4.6.1/../../../../arm-eabi/lib/thumb/ds_arm9_crt0.o (initSystem)
c:/devkitPro/libnds/lib\libnds9.a(fifosystem.o)
                              c:/devkitPro/libnds/lib\libnds9.a(initSystem.o) (fifoSendValue32)
c:/devkitPro/libnds/lib\libnds9.a(interrupts.o)
                              c:/devkitPro/libnds/lib\libnds9.a(fifosystem.o) (irqSet)
c:/devkitPro/libnds/lib\libnds9.a(libnds_exit.o)
                              c:/devkitpro/devkitarm/bin/../lib/gcc/arm-eabi/4.6.1/../../../../arm-eabi/lib/thumb/ds_arm9_crt0.o (__libnds_exit)
c:/devkitPro/libnds/lib\libnds9.a(dcache.o)
                              c:/devkitPro/libnds/lib\libnds9.a(sprite.o) (DC_FlushRange)
c:/devkitPro/libnds/lib\libnds9.a(mpu_setup.o)
                              c:/devkitpro/devkitarm/bin/../lib/gcc/arm-eabi/4.6.1/../../../../arm-eabi/lib/thumb/ds_arm9_crt0.o (__libnds_mpu_setup)
c:/devkitPro/libnds/lib\libnds9.a(biosCalls.o)
                              c:/devkitPro/libnds/lib\libnds9.a(fifosystem.o) (swiIntrWait)
c:/devkitPro/libnds/lib\libnds9.a(interruptDispatcher.o)
                              c:/devkitPro/libnds/lib\libnds9.a(interrupts.o) (IntrMain)
c:/devkitPro/libnds/lib\libnds9.a(swiSoftReset.o)
                              c:/devkitPro/libnds/lib\libnds9.a(fifosystem.o) (swiSoftReset)
c:/devkitPro/libnds/lib\libnds9.a(system.o)
                              c:/devkitPro/libnds/lib\libnds9.a(initSystem.o) (systemMsgHandler)
c:/devkitPro/libnds/lib\libnds9.a(video.o)
                              c:/devkitPro/libnds/lib\libnds9.a(initSystem.o) (vramDefault)
c:/devkitpro/devkitarm/bin/../lib/gcc/arm-eabi/4.6.1/../../../../arm-eabi/lib/thumb\libg.a(lib_a-bsearch.o)
                              c:/devkitPro/libnds/lib\libnds9.a(trig.o) (bsearch)
c:/devkitpro/devkitarm/bin/../lib/gcc/arm-eabi/4.6.1/../../../../arm-eabi/lib/thumb\libg.a(lib_a-init.o)
                              c:/devkitpro/devkitarm/bin/../lib/gcc/arm-eabi/4.6.1/../../../../arm-eabi/lib/thumb/ds_arm9_crt0.o (__libc_init_array)
c:/devkitpro/devkitarm/bin/../lib/gcc/arm-eabi/4.6.1/../../../../arm-eabi/lib/thumb\libg.a(lib_a-malloc.o)
                              c:/devkitPro/libnds/lib\libnds9.a(sprite_alloc.o) (malloc)
c:/devkitpro/devkitarm/bin/../lib/gcc/arm-eabi/4.6.1/../../../../arm-eabi/lib/thumb\libg.a(lib_a-mallocr.o)
                              c:/devkitpro/devkitarm/bin/../lib/gcc/arm-eabi/4.6.1/../../../../arm-eabi/lib/thumb\libg.a(lib_a-malloc.o) (_malloc_r)
c:/devkitpro/devkitarm/bin/../lib/gcc/arm-eabi/4.6.1/../../../../arm-eabi/lib/thumb\libg.a(lib_a-memcpy.o)
                              c:/devkitPro/libnds/lib\libnds9.a(fifosystem.o) (memcpy)
c:/devkitpro/devkitarm/bin/../lib/gcc/arm-eabi/4.6.1/../../../../arm-eabi/lib/thumb\libg.a(lib_a-mlock.o)
                              c:/devkitpro/devkitarm/bin/../lib/gcc/arm-eabi/4.6.1/../../../../arm-eabi/lib/thumb\libg.a(lib_a-mallocr.o) (__malloc_lock)
c:/devkitpro/devkitarm/bin/../lib/gcc/arm-eabi/4.6.1/../../../../arm-eabi/lib/thumb\libg.a(lib_a-realloc.o)
                              c:/devkitPro/libnds/lib\libnds9.a(sprite_alloc.o) (realloc)
c:/devkitpro/devkitarm/bin/../lib/gcc/arm-eabi/4.6.1/../../../../arm-eabi/lib/thumb\libg.a(lib_a-reallocr.o)
                              c:/devkitpro/devkitarm/bin/../lib/gcc/arm-eabi/4.6.1/../../../../arm-eabi/lib/thumb\libg.a(lib_a-realloc.o) (_realloc_r)
c:/devkitpro/devkitarm/bin/../lib/gcc/arm-eabi/4.6.1/../../../../arm-eabi/lib/thumb\libg.a(lib_a-freer.o)
                              c:/devkitpro/devkitarm/bin/../lib/gcc/arm-eabi/4.6.1/../../../../arm-eabi/lib/thumb\libg.a(lib_a-malloc.o) (_free_r)
c:/devkitpro/devkitarm/bin/../lib/gcc/arm-eabi/4.6.1/../../../../arm-eabi/lib/thumb\libg.a(lib_a-impure.o)
                              c:/devkitpro/devkitarm/bin/../lib/gcc/arm-eabi/4.6.1/../../../../arm-eabi/lib/thumb\libg.a(lib_a-malloc.o) (_impure_ptr)
c:/devkitpro/devkitarm/bin/../lib/gcc/arm-eabi/4.6.1/../../../../arm-eabi/lib/thumb\libg.a(lib_a-memmove.o)
                              c:/devkitpro/devkitarm/bin/../lib/gcc/arm-eabi/4.6.1/../../../../arm-eabi/lib/thumb\libg.a(lib_a-reallocr.o) (memmove)
c:/devkitpro/devkitarm/bin/../lib/gcc/arm-eabi/4.6.1/../../../../arm-eabi/lib/thumb\libsysbase.a(sbrk.o)
                              c:/devkitpro/devkitarm/bin/../lib/gcc/arm-eabi/4.6.1/../../../../arm-eabi/lib/thumb\libg.a(lib_a-mallocr.o) (_sbrk_r)
c:/devkitpro/devkitarm/bin/../lib/gcc/arm-eabi/4.6.1/../../../../arm-eabi/lib/thumb\libsysbase.a(times.o)
                              c:/devkitPro/libnds/lib\libnds9.a(initSystem.o) (punixTime)
c:/devkitpro/devkitarm/bin/../lib/gcc/arm-eabi/4.6.1/../../../../arm-eabi/lib/thumb\libsysbase.a(malloc_vars.o)
                              c:/devkitpro/devkitarm/bin/../lib/gcc/arm-eabi/4.6.1/../../../../arm-eabi/lib/thumb/ds_arm9_crt0.o (fake_heap_start)
c:/devkitpro/devkitarm/bin/../lib/gcc/arm-eabi/4.6.1/../../../../arm-eabi/lib/thumb\libsysbase.a(build_argv.o)
                              c:/devkitpro/devkitarm/bin/../lib/gcc/arm-eabi/4.6.1/../../../../arm-eabi/lib/thumb/ds_arm9_crt0.o (build_argv)
c:/devkitpro/devkitarm/bin/../lib/gcc/arm-eabi/4.6.1/../../../../arm-eabi/lib/thumb\libsysbase.a(syscall_support.o)
                              c:/devkitPro/libnds/lib\libnds9.a(initSystem.o) (__syscalls)
c:/devkitpro/devkitarm/bin/../lib/gcc/arm-eabi/4.6.1/../../../../arm-eabi/lib/thumb\libg.a(lib_a-errno.o)
                              c:/devkitpro/devkitarm/bin/../lib/gcc/arm-eabi/4.6.1/../../../../arm-eabi/lib/thumb\libsysbase.a(times.o) (__errno)

Allocating common symbols
Common symbol       size              file

fifo_datamsg_data   0x40              c:/devkitPro/libnds/lib\libnds9.a(fifosystem.o)
__dsimode           0x1               c:/devkitPro/libnds/lib\libnds9.a(initSystem.o)
fifo_buffer         0x800             c:/devkitPro/libnds/lib\libnds9.a(fifosystem.o)
fifo_value32_func   0x40              c:/devkitPro/libnds/lib\libnds9.a(fifosystem.o)
fifo_address_func   0x40              c:/devkitPro/libnds/lib\libnds9.a(fifosystem.o)
fifo_value32_data   0x40              c:/devkitPro/libnds/lib\libnds9.a(fifosystem.o)
fifo_value32_queue  0x40              c:/devkitPro/libnds/lib\libnds9.a(fifosystem.o)
fifo_data_queue     0x40              c:/devkitPro/libnds/lib\libnds9.a(fifosystem.o)
OamMemorySub        0x400             c:/devkitPro/libnds/lib\libnds9.a(sprite.o)
punixTime           0x4               c:/devkitpro/devkitarm/bin/../lib/gcc/arm-eabi/4.6.1/../../../../arm-eabi/lib/thumb\libsysbase.a(times.o)
fifo_address_data   0x40              c:/devkitPro/libnds/lib\libnds9.a(fifosystem.o)
fifo_datamsg_func   0x40              c:/devkitPro/libnds/lib\libnds9.a(fifosystem.o)
OamMemory           0x400             c:/devkitPro/libnds/lib\libnds9.a(sprite.o)
fifo_address_queue  0x40              c:/devkitPro/libnds/lib\libnds9.a(fifosystem.o)

Memory Configuration

Name             Origin             Length             Attributes
rom              0x08000000         0x02000000
ewram            0x02000000         0x003ff000
dtcm             0x0b000000         0x00004000
vectors          0x01000000         0x00000100
itcm             0x01000100         0x00007f00
*default*        0x00000000         0xffffffff

Linker script and memory map

                0x01000000                __vectors_start = ORIGIN (vectors)
                0x01000100                __itcm_start = ORIGIN (itcm)
                0x023ff000                __ewram_end = (ORIGIN (ewram) + 0x3ff000)
                0x023ff000                __eheap_end = (ORIGIN (ewram) + 0x3ff000)
                0x0b000000                __dtcm_start = ORIGIN (dtcm)
                0x0b004000                __dtcm_top = (ORIGIN (dtcm) + 0x4000)
                0x0b003ff8                __irq_flags = (__dtcm_top - 0x8)
                0x0b003ffc                __irq_vector = (__dtcm_top - 0x4)
                0x0b003f00                __sp_svc = (__dtcm_top - 0x100)
                0x0b003e00                __sp_irq = (__sp_svc - 0x100)
                0x0b003d00                __sp_usr = (__sp_irq - 0x100)

.init           0x02000000      0x23c
                0x02000000                __text_start = .
 *(.init)
 .init          0x02000000      0x230 c:/devkitpro/devkitarm/bin/../lib/gcc/arm-eabi/4.6.1/../../../../arm-eabi/lib/thumb/ds_arm9_crt0.o
                0x02000000                _start
 .init          0x02000230        0x4 c:/devkitpro/devkitarm/bin/../lib/gcc/arm-eabi/4.6.1/thumb/crti.o
                0x02000230                _init
 .init          0x02000234        0x8 c:/devkitpro/devkitarm/bin/../lib/gcc/arm-eabi/4.6.1/thumb/crtn.o
                0x0200023c                . = ALIGN (0x4)

.plt
 *(.plt)

.text           0x02000240     0x3238
 *(EXCLUDE_FILE(*.itcm*) .text)
 .text          0x02000240        0x0 c:/devkitpro/devkitarm/bin/../lib/gcc/arm-eabi/4.6.1/../../../../arm-eabi/lib/thumb/ds_arm9_crt0.o
 .text          0x02000240        0x0 c:/devkitpro/devkitarm/bin/../lib/gcc/arm-eabi/4.6.1/thumb/crti.o
 .text          0x02000240       0x6c c:/devkitpro/devkitarm/bin/../lib/gcc/arm-eabi/4.6.1/thumb/crtbegin.o
 .text          0x020002ac        0x0 soundbank.bin.o
 .text          0x020002ac        0x0 1_1.o
 .text          0x020002ac        0x0 Mariotest.o
 .text          0x020002ac        0x0 Mariotest2.o
 .text          0x020002ac       0x24 main.o
                0x020002ac                grav()
                0x020002bc                col()
 .text          0x020002d0       0xf4 c:/devkitPro/libnds/lib\libnds9.a(keys.o)
                0x020002d0                scanKeys
                0x0200033c                keysHeld
                0x02000348                keysDown
                0x02000358                keysDownRepeat
                0x02000368                keysSetRepeat
                0x02000380                keysUp
                0x02000390                keysCurrent
 .text          0x020003c4      0x3f8 c:/devkitPro/libnds/lib\libnds9.a(sprite.o)
                0x020003c4                oamInit
                0x020004dc                oamDisable
                0x0200050c                oamEnable
                0x02000530                oamGetGfxPtr
                0x0200055c                oamClear
                0x02000584                oamGfxPtrToOffset
                0x020005b8                oamSet
                0x02000704                oamUpdate
                0x02000764                oamRotateScale
 .text          0x020007bc      0x460 c:/devkitPro/libnds/lib\libnds9.a(sprite_alloc.o)
                0x020007ec                oamAllocReset
                0x02000820                oamAllocateGfx
                0x02000a38                oamFreeGfx
                0x02000bd4                oamCountFragments
 .text          0x02000c1c      0x248 c:/devkitPro/libnds/lib\libnds9.a(trig.o)
                0x02000c1c                asinComp
                0x02000c40                sinLutLookup
                0x02000c7c                sinLerp
                0x02000cb4                cosLerp
                0x02000cc8                tanLutLookup
                0x02000d00                tanLerp
                0x02000db0                asinLerp
                0x02000e2c                acosLerp
                0x02000e40                atanComp
 .text          0x02000e64      0x19c c:/devkitPro/libnds/lib\libnds9.a(initSystem.o)
                0x02000e64                initSystem
 .text          0x02001000      0xc8c c:/devkitPro/libnds/lib\libnds9.a(fifosystem.o)
                0x02001260                fifoSendAddress
                0x0200128c                fifoSendValue32
                0x020012cc                fifoSendDatamsg
                0x0200133c                fifoGetAddress
                0x020013b0                fifoSetAddressHandler
                0x02001424                fifoGetValue32
                0x02001498                fifoSetValue32Handler
                0x0200150c                fifoGetDatamsg
                0x020019b4                fifoSetDatamsgHandler
                0x02001a4c                fifoCheckAddress
                0x02001a70                fifoCheckDatamsg
                0x02001a94                fifoCheckValue32
                0x02001ab8                fifoInit
 .text          0x02001c8c      0x1f4 c:/devkitPro/libnds/lib\libnds9.a(interrupts.o)
                0x02001c8c                irqDummy
                0x02001c90                irqSet
                0x02001d00                irqInit
                0x02001d4c                irqInitHandler
                0x02001d7c                irqEnable
                0x02001de0                irqDisable
                0x02001e44                irqClear
 .text          0x02001e80       0x40 c:/devkitPro/libnds/lib\libnds9.a(libnds_exit.o)
                0x02001e80                systemErrorExit
                0x02001e84                __libnds_exit
 .text          0x02001ec0       0x70 c:/devkitPro/libnds/lib\libnds9.a(dcache.o)
                0x02001ec0                DC_FlushAll
                0x02001eec                DC_FlushRange
                0x02001f08                DC_InvalidateAll
                0x02001f14                DC_InvalidateRange
 .text          0x02001f30      0x1b4 c:/devkitPro/libnds/lib\libnds9.a(mpu_setup.o)
                0x02001f30                __libnds_mpu_setup
                0x02002070                memCached
                0x02002088                memUncached
 *fill*         0x020020e4        0xc ff
 .text          0x020020f0       0x70 c:/devkitPro/libnds/lib\libnds9.a(biosCalls.o)
                0x020020f0                swiDelay
                0x020020f4                swiIntrWait
                0x020020f8                swiWaitForVBlank
                0x020020fc                swiSleep
                0x02002100                swiChangeSoundBias
                0x02002104                swiDivide
                0x02002108                swiRemainder
                0x0200210e                swiDivMod
                0x0200211a                swiCopy
                0x0200211e                swiFastCopy
                0x02002122                swiSqrt
                0x02002126                swiCRC16
                0x0200212a                swiIsDebugger
                0x0200212e                swiUnpackBits
                0x02002132                swiDecompressLZSSWram
                0x02002136                swiDecompressLZSSVramNTR
                0x0200213a                swiDecompressLZSSVramTWL
                0x0200213e                swiDecompressHuffman
                0x02002142                swiDecompressRLEWram
                0x02002146                swiDecompressRLEVram
                0x0200214a                swiWaitForIRQ
                0x0200214e                swiDecodeDelta8
                0x02002152                swiDecodeDelta16
                0x02002156                swiSetHaltCR
 .text          0x02002160        0x0 c:/devkitPro/libnds/lib\libnds9.a(interruptDispatcher.o)
 .text          0x02002160       0x30 c:/devkitPro/libnds/lib\libnds9.a(swiSoftReset.o)
                0x02002160                swiSoftReset
 .text          0x02002190       0xf0 c:/devkitPro/libnds/lib\libnds9.a(system.o)
                0x02002190                systemMsgHandler
                0x020021d4                systemSleep
                0x020021ec                powerValueHandler
                0x020021fc                powerOn
                0x02002228                powerOff
                0x02002250                ledBlink
                0x02002260                getBatteryLevel
 .text          0x02002280      0x1f8 c:/devkitPro/libnds/lib\libnds9.a(video.o)
                0x02002280                vramSetPrimaryBanks
                0x020022c4                vramSetMainBanks
                0x02002308                vramSetBanks_EFG
                0x02002340                vramRestorePrimaryBanks
                0x0200234c                vramRestoreMainBanks
                0x02002358                vramRestoreBanks_EFG
                0x02002364                setBrightness
                0x020023a4                vramDefault
 .text          0x02002478       0x64 c:/devkitpro/devkitarm/bin/../lib/gcc/arm-eabi/4.6.1/../../../../arm-eabi/lib/thumb\libg.a(lib_a-bsearch.o)
                0x02002478                bsearch
 .text          0x020024dc       0x50 c:/devkitpro/devkitarm/bin/../lib/gcc/arm-eabi/4.6.1/../../../../arm-eabi/lib/thumb\libg.a(lib_a-init.o)
                0x020024dc                __libc_init_array
 .text          0x0200252c       0x30 c:/devkitpro/devkitarm/bin/../lib/gcc/arm-eabi/4.6.1/../../../../arm-eabi/lib/thumb\libg.a(lib_a-malloc.o)
                0x0200252c                malloc
                0x02002544                free
 .text          0x0200255c      0x514 c:/devkitpro/devkitarm/bin/../lib/gcc/arm-eabi/4.6.1/../../../../arm-eabi/lib/thumb\libg.a(lib_a-mallocr.o)
                0x0200255c                _malloc_r
 .text          0x02002a70       0x80 c:/devkitpro/devkitarm/bin/../lib/gcc/arm-eabi/4.6.1/../../../../arm-eabi/lib/thumb\libg.a(lib_a-memcpy.o)
                0x02002a70                memcpy
 .text          0x02002af0        0x8 c:/devkitpro/devkitarm/bin/../lib/gcc/arm-eabi/4.6.1/../../../../arm-eabi/lib/thumb\libg.a(lib_a-mlock.o)
                0x02002af0                __malloc_lock
                0x02002af4                __malloc_unlock
 .text          0x02002af8       0x1c c:/devkitpro/devkitarm/bin/../lib/gcc/arm-eabi/4.6.1/../../../../arm-eabi/lib/thumb\libg.a(lib_a-realloc.o)
                0x02002af8                realloc
 .text          0x02002b14      0x3c4 c:/devkitpro/devkitarm/bin/../lib/gcc/arm-eabi/4.6.1/../../../../arm-eabi/lib/thumb\libg.a(lib_a-reallocr.o)
                0x02002b14                _realloc_r
 .text          0x02002ed8      0x248 c:/devkitpro/devkitarm/bin/../lib/gcc/arm-eabi/4.6.1/../../../../arm-eabi/lib/thumb\libg.a(lib_a-freer.o)
                0x02002ed8                _malloc_trim_r
                0x02002f84                _free_r
 .text          0x02003120        0x0 c:/devkitpro/devkitarm/bin/../lib/gcc/arm-eabi/4.6.1/../../../../arm-eabi/lib/thumb\libg.a(lib_a-impure.o)
 .text          0x02003120       0xa8 c:/devkitpro/devkitarm/bin/../lib/gcc/arm-eabi/4.6.1/../../../../arm-eabi/lib/thumb\libg.a(lib_a-memmove.o)
                0x02003120                memmove
 .text          0x020031c8       0x54 c:/devkitpro/devkitarm/bin/../lib/gcc/arm-eabi/4.6.1/../../../../arm-eabi/lib/thumb\libsysbase.a(sbrk.o)
                0x020031c8                _sbrk_r
 .text          0x0200321c       0x48 c:/devkitpro/devkitarm/bin/../lib/gcc/arm-eabi/4.6.1/../../../../arm-eabi/lib/thumb\libsysbase.a(times.o)
                0x0200321c                _times
                0x02003230                _times_r
                0x02003238                _gettimeofday_r
 .text          0x02003264        0x0 c:/devkitpro/devkitarm/bin/../lib/gcc/arm-eabi/4.6.1/../../../../arm-eabi/lib/thumb\libsysbase.a(malloc_vars.o)
 .text          0x02003264       0x48 c:/devkitpro/devkitarm/bin/../lib/gcc/arm-eabi/4.6.1/../../../../arm-eabi/lib/thumb\libsysbase.a(build_argv.o)
                0x02003264                build_argv
 .text          0x020032ac        0x0 c:/devkitpro/devkitarm/bin/../lib/gcc/arm-eabi/4.6.1/../../../../arm-eabi/lib/thumb\libsysbase.a(syscall_support.o)
 .text          0x020032ac        0xc c:/devkitpro/devkitarm/bin/../lib/gcc/arm-eabi/4.6.1/../../../../arm-eabi/lib/thumb\libg.a(lib_a-errno.o)
                0x020032ac                __errno
 .text          0x020032b8        0x0 c:/devkitpro/devkitarm/bin/../lib/gcc/arm-eabi/4.6.1/thumb/crtend.o
 .text          0x020032b8        0x0 c:/devkitpro/devkitarm/bin/../lib/gcc/arm-eabi/4.6.1/thumb/crtn.o
 *(.text.*)
 .text.startup  0x020032b8      0x1c0 main.o
                0x020032b8                main
 *(.stub)
 *(.gnu.warning)
 *(.gnu.linkonce.t*)
 *(.glue_7)
 .glue_7        0x00000000        0x0 linker stubs
 *(.glue_7t)
 .glue_7t       0x00000000        0x0 linker stubs
                0x02003478                . = ALIGN (0x4)

.vfp11_veneer   0x02003478        0x0
 .vfp11_veneer  0x00000000        0x0 linker stubs

.v4_bx          0x02003478        0x0
 .v4_bx         0x00000000        0x0 linker stubs

.fini           0x02003478        0xc
 *(.fini)
 .fini          0x02003478        0x4 c:/devkitpro/devkitarm/bin/../lib/gcc/arm-eabi/4.6.1/thumb/crti.o
                0x02003478                _fini
 .fini          0x0200347c        0x8 c:/devkitpro/devkitarm/bin/../lib/gcc/arm-eabi/4.6.1/thumb/crtn.o
                0x02003484                __text_end = .

.rodata         0x02003484     0x1b10
 *(.rodata)
 .rodata        0x02003484     0x1200 1_1.o
                0x02003484                T::T(int, long,...)(short)
                0x02004484                __1Pal
 .rodata        0x02004684      0x300 Mariotest.o
                0x02004684                MariotestTiles
                0x02004784                MariotestPal
 .rodata        0x02004984      0x300 Mariotest2.o
                0x02004984                Mariotest2Tiles
                0x02004a84                Mariotest2Pal
 .rodata        0x02004c84      0x308 c:/devkitPro/libnds/lib\libnds9.a(trig.o)
                0x02004c84                SIN_LUT
                0x02004d88                TAN_LUT
 .rodata        0x02004f8c        0x4 c:/devkitpro/devkitarm/bin/../lib/gcc/arm-eabi/4.6.1/../../../../arm-eabi/lib/thumb\libg.a(lib_a-impure.o)
                0x02004f8c                _global_impure_ptr
 *all.rodata*(*)
 *(.roda)
 *(.rodata.*)
 .rodata.str1.4
                0x02004f90        0x4 c:/devkitpro/devkitarm/bin/../lib/gcc/arm-eabi/4.6.1/../../../../arm-eabi/lib/thumb\libg.a(lib_a-impure.o)
 *(.gnu.linkonce.r*)
                0x02004f94                . = ALIGN (0x4)

.ARM.extab
 *(.ARM.extab* .gnu.linkonce.armextab.*)
                0x02004f94                __exidx_start = .

ARM.exidx
 *(.ARM.exidx* .gnu.linkonce.armexidx.*)
                0x02004f94                __exidx_end = .
                0x02004f94                . = ALIGN (0x4)
                0x02004f94                PROVIDE (__preinit_array_start, .)

.preinit_array
 *(.preinit_array)
                0x02004f94                PROVIDE (__preinit_array_end, .)
                0x02004f94                PROVIDE (__init_array_start, .)

.init_array     0x02004f94        0x4
 *(SORT(.init_array.*))
 *(.init_array)
 .init_array    0x02004f94        0x4 c:/devkitpro/devkitarm/bin/../lib/gcc/arm-eabi/4.6.1/thumb/crtbegin.o
                0x02004f98                PROVIDE (__init_array_end, .)
                0x02004f98                PROVIDE (__fini_array_start, .)

.fini_array     0x02004f98        0x4
 *(.fini_array)
 .fini_array    0x02004f98        0x4 c:/devkitpro/devkitarm/bin/../lib/gcc/arm-eabi/4.6.1/thumb/crtbegin.o
 *(SORT(.fini_array.*))
                0x02004f9c                PROVIDE (__fini_array_end, .)

.ctors          0x02004f9c        0x0
 *crtbegin.o(.ctors)
 *(EXCLUDE_FILE(*crtend.o) .ctors)
 *(SORT(.ctors.*))
 *(.ctors)
                0x02004f9c                . = ALIGN (0x4)

.dtors          0x02004f9c        0x0
 *crtbegin.o(.dtors)
 *(EXCLUDE_FILE(*crtend.o) .dtors)
 *(SORT(.dtors.*))
 *(.dtors)
                0x02004f9c                . = ALIGN (0x4)

.eh_frame       0x02004f9c        0x4
 *(.eh_frame)
 .eh_frame      0x02004f9c        0x0 c:/devkitpro/devkitarm/bin/../lib/gcc/arm-eabi/4.6.1/thumb/crtbegin.o
 .eh_frame      0x02004f9c        0x4 c:/devkitpro/devkitarm/bin/../lib/gcc/arm-eabi/4.6.1/thumb/crtend.o
                0x02004fa0                . = ALIGN (0x4)

.gcc_except_table
                0x02004fa0        0x0
 *(.gcc_except_table)
                0x02004fa0                . = ALIGN (0x4)

.jcr            0x02004fa0        0x4
 *(.jcr)
 .jcr           0x02004fa0        0x0 c:/devkitpro/devkitarm/bin/../lib/gcc/arm-eabi/4.6.1/thumb/crtbegin.o
 .jcr           0x02004fa0        0x4 c:/devkitpro/devkitarm/bin/../lib/gcc/arm-eabi/4.6.1/thumb/crtend.o

.got
 *(.got.plt)
 *(.got)
 *(.rel.got)

.ewram          0x02004fa4        0x0
                0x02004fa4                __ewram_start = ABSOLUTE (.)
 *(.ewram)
 *ewram.*(.text)
                0x02004fa4                . = ALIGN (0x4)

.data           0x02004fa4      0x88c
                0x02004fa4                __data_start = ABSOLUTE (.)
 *(.data)
 .data          0x02004fa4        0x0 c:/devkitpro/devkitarm/bin/../lib/gcc/arm-eabi/4.6.1/../../../../arm-eabi/lib/thumb/ds_arm9_crt0.o
 .data          0x02004fa4        0x0 c:/devkitpro/devkitarm/bin/../lib/gcc/arm-eabi/4.6.1/thumb/crti.o
 .data          0x02004fa4        0x4 c:/devkitpro/devkitarm/bin/../lib/gcc/arm-eabi/4.6.1/thumb/crtbegin.o
                0x02004fa4                __dso_handle
 .data          0x02004fa8        0x0 soundbank.bin.o
 .data          0x02004fa8        0x0 1_1.o
 .data          0x02004fa8        0x0 Mariotest.o
 .data          0x02004fa8        0x0 Mariotest2.o
 .data          0x02004fa8        0x4 main.o
                0x02004fa8                y1
 .data          0x02004fac        0x3 c:/devkitPro/libnds/lib\libnds9.a(keys.o)
 *fill*         0x02004faf        0x1 ff
 .data          0x02004fb0       0x30 c:/devkitPro/libnds/lib\libnds9.a(sprite.o)
                0x02004fb0                oamMain
                0x02004fc8                oamSub
 .data          0x02004fe0        0x0 c:/devkitPro/libnds/lib\libnds9.a(sprite_alloc.o)
 .data          0x02004fe0        0x0 c:/devkitPro/libnds/lib\libnds9.a(trig.o)
 .data          0x02004fe0        0x0 c:/devkitPro/libnds/lib\libnds9.a(initSystem.o)
 .data          0x02004fe0       0x10 c:/devkitPro/libnds/lib\libnds9.a(fifosystem.o)
                0x02004fe0                fifo_freewords
                0x02004fe4                fifo_buffer_free
                0x02004fe8                fifo_send_queue
                0x02004fec                fifo_receive_queue
 .data          0x02004ff0        0x0 c:/devkitPro/libnds/lib\libnds9.a(interrupts.o)
 .data          0x02004ff0        0x0 c:/devkitPro/libnds/lib\libnds9.a(libnds_exit.o)
 .data          0x02004ff0        0x0 c:/devkitPro/libnds/lib\libnds9.a(dcache.o)
 .data          0x02004ff0        0x0 c:/devkitPro/libnds/lib\libnds9.a(mpu_setup.o)
 .data          0x02004ff0        0x0 c:/devkitPro/libnds/lib\libnds9.a(biosCalls.o)
 .data          0x02004ff0        0x0 c:/devkitPro/libnds/lib\libnds9.a(interruptDispatcher.o)
 .data          0x02004ff0        0x0 c:/devkitPro/libnds/lib\libnds9.a(swiSoftReset.o)
 .data          0x02004ff0        0x0 c:/devkitPro/libnds/lib\libnds9.a(system.o)
 .data          0x02004ff0        0x0 c:/devkitPro/libnds/lib\libnds9.a(video.o)
 .data          0x02004ff0        0x0 c:/devkitpro/devkitarm/bin/../lib/gcc/arm-eabi/4.6.1/../../../../arm-eabi/lib/thumb\libg.a(lib_a-bsearch.o)
 .data          0x02004ff0        0x0 c:/devkitpro/devkitarm/bin/../lib/gcc/arm-eabi/4.6.1/../../../../arm-eabi/lib/thumb\libg.a(lib_a-init.o)
 .data          0x02004ff0        0x0 c:/devkitpro/devkitarm/bin/../lib/gcc/arm-eabi/4.6.1/../../../../arm-eabi/lib/thumb\libg.a(lib_a-malloc.o)
 .data          0x02004ff0      0x410 c:/devkitpro/devkitarm/bin/../lib/gcc/arm-eabi/4.6.1/../../../../arm-eabi/lib/thumb\libg.a(lib_a-mallocr.o)
                0x02004ff0                __malloc_av_
                0x020053f8                __malloc_sbrk_base
                0x020053fc                __malloc_trim_threshold
 .data          0x02005400        0x0 c:/devkitpro/devkitarm/bin/../lib/gcc/arm-eabi/4.6.1/../../../../arm-eabi/lib/thumb\libg.a(lib_a-memcpy.o)
 .data          0x02005400        0x0 c:/devkitpro/devkitarm/bin/../lib/gcc/arm-eabi/4.6.1/../../../../arm-eabi/lib/thumb\libg.a(lib_a-mlock.o)
 .data          0x02005400        0x0 c:/devkitpro/devkitarm/bin/../lib/gcc/arm-eabi/4.6.1/../../../../arm-eabi/lib/thumb\libg.a(lib_a-realloc.o)
 .data          0x02005400        0x0 c:/devkitpro/devkitarm/bin/../lib/gcc/arm-eabi/4.6.1/../../../../arm-eabi/lib/thumb\libg.a(lib_a-reallocr.o)
 .data          0x02005400        0x0 c:/devkitpro/devkitarm/bin/../lib/gcc/arm-eabi/4.6.1/../../../../arm-eabi/lib/thumb\libg.a(lib_a-freer.o)
 .data          0x02005400      0x430 c:/devkitpro/devkitarm/bin/../lib/gcc/arm-eabi/4.6.1/../../../../arm-eabi/lib/thumb\libg.a(lib_a-impure.o)
                0x02005400                _impure_ptr
 .data          0x02005830        0x0 c:/devkitpro/devkitarm/bin/../lib/gcc/arm-eabi/4.6.1/../../../../arm-eabi/lib/thumb\libg.a(lib_a-memmove.o)
 .data          0x02005830        0x0 c:/devkitpro/devkitarm/bin/../lib/gcc/arm-eabi/4.6.1/../../../../arm-eabi/lib/thumb\libsysbase.a(sbrk.o)
 .data          0x02005830        0x0 c:/devkitpro/devkitarm/bin/../lib/gcc/arm-eabi/4.6.1/../../../../arm-eabi/lib/thumb\libsysbase.a(times.o)
 .data          0x02005830        0x0 c:/devkitpro/devkitarm/bin/../lib/gcc/arm-eabi/4.6.1/../../../../arm-eabi/lib/thumb\libsysbase.a(malloc_vars.o)
 .data          0x02005830        0x0 c:/devkitpro/devkitarm/bin/../lib/gcc/arm-eabi/4.6.1/../../../../arm-eabi/lib/thumb\libsysbase.a(build_argv.o)
 .data          0x02005830        0x0 c:/devkitpro/devkitarm/bin/../lib/gcc/arm-eabi/4.6.1/../../../../arm-eabi/lib/thumb\libsysbase.a(syscall_support.o)
 .data          0x02005830        0x0 c:/devkitpro/devkitarm/bin/../lib/gcc/arm-eabi/4.6.1/../../../../arm-eabi/lib/thumb\libg.a(lib_a-errno.o)
 .data          0x02005830        0x0 c:/devkitpro/devkitarm/bin/../lib/gcc/arm-eabi/4.6.1/thumb/crtend.o
 .data          0x02005830        0x0 c:/devkitpro/devkitarm/bin/../lib/gcc/arm-eabi/4.6.1/thumb/crtn.o
 *(.data.*)
 *(.gnu.linkonce.d*)
                0x02005830                . = ALIGN (0x4)
                0x02005830                __data_end = ABSOLUTE (.)
                0x02005830                __dtcm_lma = .
                0x02005830                __bss_vma = .

.dtcm           0x0b000000        0x0 load address 0x02005830
 *(.dtcm)
 *(.dtcm.*)
                0x0b000000                . = ALIGN (0x4)
                0x0b000000                __dtcm_end = ABSOLUTE (.)
                0x02005830                __itcm_lma = (__dtcm_lma + SIZEOF (.dtcm))

.itcm           0x01000100      0x194 load address 0x02005830
 *(.itcm)
 .itcm          0x01000100       0xc8 c:/devkitPro/libnds/lib\libnds9.a(interrupts.o)
                0x01000100                irqTable
 .itcm          0x010001c8       0xcc c:/devkitPro/libnds/lib\libnds9.a(interruptDispatcher.o)
                0x010001c8                IntrMain
 *itcm.*(.text)
                0x01000294                . = ALIGN (0x4)
                0x01000294                __itcm_end = ABSOLUTE (.)
                0x020059c4                __vectors_lma = (__itcm_lma + SIZEOF (.itcm))

.vectors        0x01000000        0x0 load address 0x020059c4
 *(.vectors)
 *vectors.*(.text)
                0x01000000                . = ALIGN (0x4)
                0x01000000                __vectors_end = ABSOLUTE (.)

.sbss           0x0b000000        0x0
                0x0b000000                __sbss_start = ABSOLUTE (.)
                0x0b000000                __sbss_start__ = ABSOLUTE (.)
 *(.sbss)
                0x0b000000                . = ALIGN (0x4)
                0x0b000000                __sbss_end = ABSOLUTE (.)

.bss            0x02005830     0x12c0
                0x02005830                __bss_start = ABSOLUTE (.)
                0x02005830                __bss_start__ = ABSOLUTE (.)
 *(.dynbss)
 *(.gnu.linkonce.b*)
 *(.bss*)
 .bss           0x02005830        0x0 c:/devkitpro/devkitarm/bin/../lib/gcc/arm-eabi/4.6.1/../../../../arm-eabi/lib/thumb/ds_arm9_crt0.o
 .bss           0x02005830        0x0 c:/devkitpro/devkitarm/bin/../lib/gcc/arm-eabi/4.6.1/thumb/crti.o
 .bss           0x02005830       0x1c c:/devkitpro/devkitarm/bin/../lib/gcc/arm-eabi/4.6.1/thumb/crtbegin.o
 .bss           0x0200584c        0x0 soundbank.bin.o
 .bss           0x0200584c        0x0 1_1.o
 .bss           0x0200584c        0x0 Mariotest.o
 .bss           0x0200584c        0x0 Mariotest2.o
 .bss           0x0200584c        0x4 main.o
                0x0200584c                x1
 .bss           0x02005850        0x6 c:/devkitPro/libnds/lib\libnds9.a(keys.o)
 .bss           0x02005856        0x0 c:/devkitPro/libnds/lib\libnds9.a(sprite.o)
 .bss           0x02005856        0x0 c:/devkitPro/libnds/lib\libnds9.a(sprite_alloc.o)
 .bss           0x02005856        0x0 c:/devkitPro/libnds/lib\libnds9.a(trig.o)
 .bss           0x02005856        0x0 c:/devkitPro/libnds/lib\libnds9.a(initSystem.o)
 *fill*         0x02005856        0x2 00
 .bss           0x02005858        0x8 c:/devkitPro/libnds/lib\libnds9.a(fifosystem.o)
                0x0200585c                processing
 .bss           0x02005860        0x0 c:/devkitPro/libnds/lib\libnds9.a(interrupts.o)
 .bss           0x02005860        0x0 c:/devkitPro/libnds/lib\libnds9.a(libnds_exit.o)
 .bss           0x02005860        0x0 c:/devkitPro/libnds/lib\libnds9.a(dcache.o)
 .bss           0x02005860        0x0 c:/devkitPro/libnds/lib\libnds9.a(mpu_setup.o)
 .bss           0x02005860        0x0 c:/devkitPro/libnds/lib\libnds9.a(biosCalls.o)
 .bss           0x02005860        0x0 c:/devkitPro/libnds/lib\libnds9.a(interruptDispatcher.o)
 .bss           0x02005860        0x0 c:/devkitPro/libnds/lib\libnds9.a(swiSoftReset.o)
 .bss           0x02005860        0x0 c:/devkitPro/libnds/lib\libnds9.a(system.o)
 .bss           0x02005860        0x0 c:/devkitPro/libnds/lib\libnds9.a(video.o)
 .bss           0x02005860        0x0 c:/devkitpro/devkitarm/bin/../lib/gcc/arm-eabi/4.6.1/../../../../arm-eabi/lib/thumb\libg.a(lib_a-bsearch.o)
 .bss           0x02005860        0x0 c:/devkitpro/devkitarm/bin/../lib/gcc/arm-eabi/4.6.1/../../../../arm-eabi/lib/thumb\libg.a(lib_a-init.o)
 .bss           0x02005860        0x0 c:/devkitpro/devkitarm/bin/../lib/gcc/arm-eabi/4.6.1/../../../../arm-eabi/lib/thumb\libg.a(lib_a-malloc.o)
 .bss           0x02005860       0x34 c:/devkitpro/devkitarm/bin/../lib/gcc/arm-eabi/4.6.1/../../../../arm-eabi/lib/thumb\libg.a(lib_a-mallocr.o)
                0x02005860                __malloc_top_pad
                0x02005864                __malloc_current_mallinfo
                0x0200588c                __malloc_max_sbrked_mem
                0x02005890                __malloc_max_total_mem
 .bss           0x02005894        0x0 c:/devkitpro/devkitarm/bin/../lib/gcc/arm-eabi/4.6.1/../../../../arm-eabi/lib/thumb\libg.a(lib_a-memcpy.o)
 .bss           0x02005894        0x0 c:/devkitpro/devkitarm/bin/../lib/gcc/arm-eabi/4.6.1/../../../../arm-eabi/lib/thumb\libg.a(lib_a-mlock.o)
 .bss           0x02005894        0x0 c:/devkitpro/devkitarm/bin/../lib/gcc/arm-eabi/4.6.1/../../../../arm-eabi/lib/thumb\libg.a(lib_a-realloc.o)
 .bss           0x02005894        0x0 c:/devkitpro/devkitarm/bin/../lib/gcc/arm-eabi/4.6.1/../../../../arm-eabi/lib/thumb\libg.a(lib_a-reallocr.o)
 .bss           0x02005894        0x0 c:/devkitpro/devkitarm/bin/../lib/gcc/arm-eabi/4.6.1/../../../../arm-eabi/lib/thumb\libg.a(lib_a-freer.o)
 .bss           0x02005894        0x0 c:/devkitpro/devkitarm/bin/../lib/gcc/arm-eabi/4.6.1/../../../../arm-eabi/lib/thumb\libg.a(lib_a-impure.o)
 .bss           0x02005894        0x0 c:/devkitpro/devkitarm/bin/../lib/gcc/arm-eabi/4.6.1/../../../../arm-eabi/lib/thumb\libg.a(lib_a-memmove.o)
 .bss           0x02005894        0x4 c:/devkitpro/devkitarm/bin/../lib/gcc/arm-eabi/4.6.1/../../../../arm-eabi/lib/thumb\libsysbase.a(sbrk.o)
 .bss           0x02005898        0x0 c:/devkitpro/devkitarm/bin/../lib/gcc/arm-eabi/4.6.1/../../../../arm-eabi/lib/thumb\libsysbase.a(times.o)
 .bss           0x02005898        0x8 c:/devkitpro/devkitarm/bin/../lib/gcc/arm-eabi/4.6.1/../../../../arm-eabi/lib/thumb\libsysbase.a(malloc_vars.o)
                0x02005898                fake_heap_start
                0x0200589c                fake_heap_end
 .bss           0x020058a0        0x0 c:/devkitpro/devkitarm/bin/../lib/gcc/arm-eabi/4.6.1/../../../../arm-eabi/lib/thumb\libsysbase.a(build_argv.o)
 .bss           0x020058a0        0x8 c:/devkitpro/devkitarm/bin/../lib/gcc/arm-eabi/4.6.1/../../../../arm-eabi/lib/thumb\libsysbase.a(syscall_support.o)
                0x020058a0                __syscalls
 .bss           0x020058a8        0x0 c:/devkitpro/devkitarm/bin/../lib/gcc/arm-eabi/4.6.1/../../../../arm-eabi/lib/thumb\libg.a(lib_a-errno.o)
 .bss           0x020058a8        0x0 c:/devkitpro/devkitarm/bin/../lib/gcc/arm-eabi/4.6.1/thumb/crtend.o
 .bss           0x020058a8        0x0 c:/devkitpro/devkitarm/bin/../lib/gcc/arm-eabi/4.6.1/thumb/crtn.o
 *(COMMON)
 COMMON         0x020058a8      0x800 c:/devkitPro/libnds/lib\libnds9.a(sprite.o)
                0x020058a8                OamMemorySub
                0x02005ca8                OamMemory
 COMMON         0x020060a8        0x1 c:/devkitPro/libnds/lib\libnds9.a(initSystem.o)
                0x020060a8                __dsimode
 *fill*         0x020060a9        0x3 00
 COMMON         0x020060ac      0xa40 c:/devkitPro/libnds/lib\libnds9.a(fifosystem.o)
                0x020060ac                fifo_datamsg_data
                0x020060ec                fifo_buffer
                0x020068ec                fifo_value32_func
                0x0200692c                fifo_address_func
                0x0200696c                fifo_value32_data
                0x020069ac                fifo_value32_queue
                0x020069ec                fifo_data_queue
                0x02006a2c                fifo_address_data
                0x02006a6c                fifo_datamsg_func
                0x02006aac                fifo_address_queue
 COMMON         0x02006aec        0x4 c:/devkitpro/devkitarm/bin/../lib/gcc/arm-eabi/4.6.1/../../../../arm-eabi/lib/thumb\libsysbase.a(times.o)
                0x02006aec                punixTime
                0x02006af0                . = ALIGN (0x4)
                0x02006af0                __bss_end__ = ABSOLUTE (.)
                0x02006af0                __end__ = ABSOLUTE (.)

.stab
 *(.stab)

.stabstr
 *(.stabstr)

.stab.excl
 *(.stab.excl)

.stab.exclstr
 *(.stab.exclstr)

.stab.index
 *(.stab.index)

.stab.indexstr
 *(.stab.indexstr)

.comment        0x00000000       0x44
 *(.comment)
 .comment       0x00000000       0x22 c:/devkitpro/devkitarm/bin/../lib/gcc/arm-eabi/4.6.1/thumb/crtbegin.o
                                 0x23 (size before relaxing)
 .comment       0x00000000       0x23 main.o
 .comment       0x00000022       0x22 c:/devkitPro/libnds/lib\libnds9.a(keys.o)
                                 0x23 (size before relaxing)
 .comment       0x00000000       0x23 c:/devkitPro/libnds/lib\libnds9.a(sprite.o)
 .comment       0x00000000       0x23 c:/devkitPro/libnds/lib\libnds9.a(sprite_alloc.o)
 .comment       0x00000000       0x23 c:/devkitPro/libnds/lib\libnds9.a(trig.o)
 .comment       0x00000000       0x23 c:/devkitPro/libnds/lib\libnds9.a(initSystem.o)
 .comment       0x00000000       0x23 c:/devkitPro/libnds/lib\libnds9.a(fifosystem.o)
 .comment       0x00000000       0x23 c:/devkitPro/libnds/lib\libnds9.a(interrupts.o)
 .comment       0x00000000       0x23 c:/devkitPro/libnds/lib\libnds9.a(libnds_exit.o)
 .comment       0x00000000       0x23 c:/devkitPro/libnds/lib\libnds9.a(system.o)
 .comment       0x00000000       0x23 c:/devkitPro/libnds/lib\libnds9.a(video.o)
 .comment       0x00000000       0x23 c:/devkitpro/devkitarm/bin/../lib/gcc/arm-eabi/4.6.1/../../../../arm-eabi/lib/thumb\libg.a(lib_a-bsearch.o)
 .comment       0x00000000       0x23 c:/devkitpro/devkitarm/bin/../lib/gcc/arm-eabi/4.6.1/../../../../arm-eabi/lib/thumb\libg.a(lib_a-init.o)
 .comment       0x00000000       0x23 c:/devkitpro/devkitarm/bin/../lib/gcc/arm-eabi/4.6.1/../../../../arm-eabi/lib/thumb\libg.a(lib_a-malloc.o)
 .comment       0x00000000       0x23 c:/devkitpro/devkitarm/bin/../lib/gcc/arm-eabi/4.6.1/../../../../arm-eabi/lib/thumb\libg.a(lib_a-mallocr.o)
 .comment       0x00000000       0x23 c:/devkitpro/devkitarm/bin/../lib/gcc/arm-eabi/4.6.1/../../../../arm-eabi/lib/thumb\libg.a(lib_a-memcpy.o)
 .comment       0x00000000       0x23 c:/devkitpro/devkitarm/bin/../lib/gcc/arm-eabi/4.6.1/../../../../arm-eabi/lib/thumb\libg.a(lib_a-mlock.o)
 .comment       0x00000000       0x23 c:/devkitpro/devkitarm/bin/../lib/gcc/arm-eabi/4.6.1/../../../../arm-eabi/lib/thumb\libg.a(lib_a-realloc.o)
 .comment       0x00000000       0x23 c:/devkitpro/devkitarm/bin/../lib/gcc/arm-eabi/4.6.1/../../../../arm-eabi/lib/thumb\libg.a(lib_a-reallocr.o)
 .comment       0x00000000       0x23 c:/devkitpro/devkitarm/bin/../lib/gcc/arm-eabi/4.6.1/../../../../arm-eabi/lib/thumb\libg.a(lib_a-freer.o)
 .comment       0x00000000       0x23 c:/devkitpro/devkitarm/bin/../lib/gcc/arm-eabi/4.6.1/../../../../arm-eabi/lib/thumb\libg.a(lib_a-impure.o)
 .comment       0x00000000       0x23 c:/devkitpro/devkitarm/bin/../lib/gcc/arm-eabi/4.6.1/../../../../arm-eabi/lib/thumb\libg.a(lib_a-memmove.o)
 .comment       0x00000000       0x23 c:/devkitpro/devkitarm/bin/../lib/gcc/arm-eabi/4.6.1/../../../../arm-eabi/lib/thumb\libsysbase.a(sbrk.o)
 .comment       0x00000000       0x23 c:/devkitpro/devkitarm/bin/../lib/gcc/arm-eabi/4.6.1/../../../../arm-eabi/lib/thumb\libsysbase.a(times.o)
 .comment       0x00000000       0x23 c:/devkitpro/devkitarm/bin/../lib/gcc/arm-eabi/4.6.1/../../../../arm-eabi/lib/thumb\libsysbase.a(malloc_vars.o)
 .comment       0x00000000       0x23 c:/devkitpro/devkitarm/bin/../lib/gcc/arm-eabi/4.6.1/../../../../arm-eabi/lib/thumb\libsysbase.a(build_argv.o)
 .comment       0x00000000       0x23 c:/devkitpro/devkitarm/bin/../lib/gcc/arm-eabi/4.6.1/../../../../arm-eabi/lib/thumb\libsysbase.a(syscall_support.o)
 .comment       0x00000000       0x23 c:/devkitpro/devkitarm/bin/../lib/gcc/arm-eabi/4.6.1/../../../../arm-eabi/lib/thumb\libg.a(lib_a-errno.o)
 .comment       0x00000000       0x23 c:/devkitpro/devkitarm/bin/../lib/gcc/arm-eabi/4.6.1/thumb/crtend.o

.ARM.attributes
                0x00000000       0x2f
 .ARM.attributes
                0x00000000       0x23 c:/devkitpro/devkitarm/bin/../lib/gcc/arm-eabi/4.6.1/../../../../arm-eabi/lib/thumb/ds_arm9_crt0.o
 .ARM.attributes
                0x00000023       0x18 c:/devkitpro/devkitarm/bin/../lib/gcc/arm-eabi/4.6.1/thumb/crti.o
 .ARM.attributes
                0x0000003b       0x32 c:/devkitpro/devkitarm/bin/../lib/gcc/arm-eabi/4.6.1/thumb/crtbegin.o
 .ARM.attributes
                0x0000006d       0x16 soundbank.bin.o
 .ARM.attributes
                0x00000083       0x1d 1_1.o
 .ARM.attributes
                0x000000a0       0x1d Mariotest.o
 .ARM.attributes
                0x000000bd       0x1d Mariotest2.o
 .ARM.attributes
                0x000000da       0x29 main.o
 .ARM.attributes
                0x00000103       0x29 c:/devkitPro/libnds/lib\libnds9.a(keys.o)
 .ARM.attributes
                0x0000012c       0x29 c:/devkitPro/libnds/lib\libnds9.a(sprite.o)
 .ARM.attributes
                0x00000155       0x29 c:/devkitPro/libnds/lib\libnds9.a(sprite_alloc.o)
 .ARM.attributes
                0x0000017e       0x29 c:/devkitPro/libnds/lib\libnds9.a(trig.o)
 .ARM.attributes
                0x000001a7       0x29 c:/devkitPro/libnds/lib\libnds9.a(initSystem.o)
 .ARM.attributes
                0x000001d0       0x29 c:/devkitPro/libnds/lib\libnds9.a(fifosystem.o)
 .ARM.attributes
                0x000001f9       0x29 c:/devkitPro/libnds/lib\libnds9.a(interrupts.o)
 .ARM.attributes
                0x00000222       0x29 c:/devkitPro/libnds/lib\libnds9.a(libnds_exit.o)
 .ARM.attributes
                0x0000024b       0x1d c:/devkitPro/libnds/lib\libnds9.a(dcache.o)
 .ARM.attributes
                0x00000268       0x23 c:/devkitPro/libnds/lib\libnds9.a(mpu_setup.o)
 .ARM.attributes
                0x0000028b       0x1d c:/devkitPro/libnds/lib\libnds9.a(biosCalls.o)
 .ARM.attributes
                0x000002a8       0x1d c:/devkitPro/libnds/lib\libnds9.a(interruptDispatcher.o)
 .ARM.attributes
                0x000002c5       0x23 c:/devkitPro/libnds/lib\libnds9.a(swiSoftReset.o)
 .ARM.attributes
                0x000002e8       0x29 c:/devkitPro/libnds/lib\libnds9.a(system.o)
 .ARM.attributes
                0x00000311       0x29 c:/devkitPro/libnds/lib\libnds9.a(video.o)
 .ARM.attributes
                0x0000033a       0x32 c:/devkitpro/devkitarm/bin/../lib/gcc/arm-eabi/4.6.1/../../../../arm-eabi/lib/thumb\libg.a(lib_a-bsearch.o)
 .ARM.attributes
                0x0000036c       0x32 c:/devkitpro/devkitarm/bin/../lib/gcc/arm-eabi/4.6.1/../../../../arm-eabi/lib/thumb\libg.a(lib_a-init.o)
 .ARM.attributes
                0x0000039e       0x32 c:/devkitpro/devkitarm/bin/../lib/gcc/arm-eabi/4.6.1/../../../../arm-eabi/lib/thumb\libg.a(lib_a-malloc.o)
 .ARM.attributes
                0x000003d0       0x32 c:/devkitpro/devkitarm/bin/../lib/gcc/arm-eabi/4.6.1/../../../../arm-eabi/lib/thumb\libg.a(lib_a-mallocr.o)
 .ARM.attributes
                0x00000402       0x32 c:/devkitpro/devkitarm/bin/../lib/gcc/arm-eabi/4.6.1/../../../../arm-eabi/lib/thumb\libg.a(lib_a-memcpy.o)
 .ARM.attributes
                0x00000434       0x32 c:/devkitpro/devkitarm/bin/../lib/gcc/arm-eabi/4.6.1/../../../../arm-eabi/lib/thumb\libg.a(lib_a-mlock.o)
 .ARM.attributes
                0x00000466       0x32 c:/devkitpro/devkitarm/bin/../lib/gcc/arm-eabi/4.6.1/../../../../arm-eabi/lib/thumb\libg.a(lib_a-realloc.o)
 .ARM.attributes
                0x00000498       0x32 c:/devkitpro/devkitarm/bin/../lib/gcc/arm-eabi/4.6.1/../../../../arm-eabi/lib/thumb\libg.a(lib_a-reallocr.o)
 .ARM.attributes
                0x000004ca       0x32 c:/devkitpro/devkitarm/bin/../lib/gcc/arm-eabi/4.6.1/../../../../arm-eabi/lib/thumb\libg.a(lib_a-freer.o)
 .ARM.attributes
                0x000004fc       0x32 c:/devkitpro/devkitarm/bin/../lib/gcc/arm-eabi/4.6.1/../../../../arm-eabi/lib/thumb\libg.a(lib_a-impure.o)
 .ARM.attributes
                0x0000052e       0x32 c:/devkitpro/devkitarm/bin/../lib/gcc/arm-eabi/4.6.1/../../../../arm-eabi/lib/thumb\libg.a(lib_a-memmove.o)
 .ARM.attributes
                0x00000560       0x32 c:/devkitpro/devkitarm/bin/../lib/gcc/arm-eabi/4.6.1/../../../../arm-eabi/lib/thumb\libsysbase.a(sbrk.o)
 .ARM.attributes
                0x00000592       0x32 c:/devkitpro/devkitarm/bin/../lib/gcc/arm-eabi/4.6.1/../../../../arm-eabi/lib/thumb\libsysbase.a(times.o)
 .ARM.attributes
                0x000005c4       0x32 c:/devkitpro/devkitarm/bin/../lib/gcc/arm-eabi/4.6.1/../../../../arm-eabi/lib/thumb\libsysbase.a(malloc_vars.o)
 .ARM.attributes
                0x000005f6       0x32 c:/devkitpro/devkitarm/bin/../lib/gcc/arm-eabi/4.6.1/../../../../arm-eabi/lib/thumb\libsysbase.a(build_argv.o)
 .ARM.attributes
                0x00000628       0x32 c:/devkitpro/devkitarm/bin/../lib/gcc/arm-eabi/4.6.1/../../../../arm-eabi/lib/thumb\libsysbase.a(syscall_support.o)
 .ARM.attributes
                0x0000065a       0x32 c:/devkitpro/devkitarm/bin/../lib/gcc/arm-eabi/4.6.1/../../../../arm-eabi/lib/thumb\libg.a(lib_a-errno.o)
 .ARM.attributes
                0x0000068c       0x32 c:/devkitpro/devkitarm/bin/../lib/gcc/arm-eabi/4.6.1/thumb/crtend.o
 .ARM.attributes
                0x000006be       0x18 c:/devkitpro/devkitarm/bin/../lib/gcc/arm-eabi/4.6.1/thumb/crtn.o

.debug
 *(.debug)

.line
 *(.line)

.debug_srcinfo
 *(.debug_srcinfo)

.debug_sfnames
 *(.debug_sfnames)

.debug_aranges  0x00000000      0x208
 *(.debug_aranges)
 .debug_aranges
                0x00000000       0x28 main.o
 .debug_aranges
                0x00000028       0x20 c:/devkitPro/libnds/lib\libnds9.a(keys.o)
 .debug_aranges
                0x00000048       0x20 c:/devkitPro/libnds/lib\libnds9.a(sprite.o)
 .debug_aranges
                0x00000068       0x20 c:/devkitPro/libnds/lib\libnds9.a(sprite_alloc.o)
 .debug_aranges
                0x00000088       0x20 c:/devkitPro/libnds/lib\libnds9.a(trig.o)
 .debug_aranges
                0x000000a8       0x20 c:/devkitPro/libnds/lib\libnds9.a(initSystem.o)
 .debug_aranges
                0x000000c8       0x20 c:/devkitPro/libnds/lib\libnds9.a(fifosystem.o)
 .debug_aranges
                0x000000e8       0x20 c:/devkitPro/libnds/lib\libnds9.a(interrupts.o)
 .debug_aranges
                0x00000108       0x20 c:/devkitPro/libnds/lib\libnds9.a(libnds_exit.o)
 .debug_aranges
                0x00000128       0x20 c:/devkitPro/libnds/lib\libnds9.a(dcache.o)
 .debug_aranges
                0x00000148       0x20 c:/devkitPro/libnds/lib\libnds9.a(mpu_setup.o)
 .debug_aranges
                0x00000168       0x20 c:/devkitPro/libnds/lib\libnds9.a(biosCalls.o)
 .debug_aranges
                0x00000188       0x20 c:/devkitPro/libnds/lib\libnds9.a(interruptDispatcher.o)
 .debug_aranges
                0x000001a8       0x20 c:/devkitPro/libnds/lib\libnds9.a(swiSoftReset.o)
 .debug_aranges
                0x000001c8       0x20 c:/devkitPro/libnds/lib\libnds9.a(system.o)
 .debug_aranges
                0x000001e8       0x20 c:/devkitPro/libnds/lib\libnds9.a(video.o)

.debug_pubnames
 *(.debug_pubnames)

.debug_info     0x00000000     0x6a29
 *(.debug_info)
 .debug_info    0x00000000      0xfe6 main.o
 .debug_info    0x00000fe6      0x3d0 c:/devkitPro/libnds/lib\libnds9.a(keys.o)
 .debug_info    0x000013b6      0xbf4 c:/devkitPro/libnds/lib\libnds9.a(sprite.o)
 .debug_info    0x00001faa      0xb1a c:/devkitPro/libnds/lib\libnds9.a(sprite_alloc.o)
 .debug_info    0x00002ac4      0x4c4 c:/devkitPro/libnds/lib\libnds9.a(trig.o)
 .debug_info    0x00002f88      0xeb7 c:/devkitPro/libnds/lib\libnds9.a(initSystem.o)
 .debug_info    0x00003e3f     0x11c9 c:/devkitPro/libnds/lib\libnds9.a(fifosystem.o)
 .debug_info    0x00005008      0x5c9 c:/devkitPro/libnds/lib\libnds9.a(interrupts.o)
 .debug_info    0x000055d1      0x2a6 c:/devkitPro/libnds/lib\libnds9.a(libnds_exit.o)
 .debug_info    0x00005877       0xba c:/devkitPro/libnds/lib\libnds9.a(dcache.o)
 .debug_info    0x00005931       0xc4 c:/devkitPro/libnds/lib\libnds9.a(mpu_setup.o)
 .debug_info    0x000059f5       0xbf c:/devkitPro/libnds/lib\libnds9.a(biosCalls.o)
 .debug_info    0x00005ab4       0xc9 c:/devkitPro/libnds/lib\libnds9.a(interruptDispatcher.o)
 .debug_info    0x00005b7d       0xc2 c:/devkitPro/libnds/lib\libnds9.a(swiSoftReset.o)
 .debug_info    0x00005c3f      0x6db c:/devkitPro/libnds/lib\libnds9.a(system.o)
 .debug_info    0x0000631a      0x70f c:/devkitPro/libnds/lib\libnds9.a(video.o)

.debug_abbrev   0x00000000     0x188f
 *(.debug_abbrev)
 .debug_abbrev  0x00000000      0x2dd main.o
 .debug_abbrev  0x000002dd      0x176 c:/devkitPro/libnds/lib\libnds9.a(keys.o)
 .debug_abbrev  0x00000453      0x2c1 c:/devkitPro/libnds/lib\libnds9.a(sprite.o)
 .debug_abbrev  0x00000714      0x27e c:/devkitPro/libnds/lib\libnds9.a(sprite_alloc.o)
 .debug_abbrev  0x00000992      0x1ac c:/devkitPro/libnds/lib\libnds9.a(trig.o)
 .debug_abbrev  0x00000b3e      0x242 c:/devkitPro/libnds/lib\libnds9.a(initSystem.o)
 .debug_abbrev  0x00000d80      0x3c8 c:/devkitPro/libnds/lib\libnds9.a(fifosystem.o)
 .debug_abbrev  0x00001148      0x21e c:/devkitPro/libnds/lib\libnds9.a(interrupts.o)
 .debug_abbrev  0x00001366      0x131 c:/devkitPro/libnds/lib\libnds9.a(libnds_exit.o)
 .debug_abbrev  0x00001497       0x14 c:/devkitPro/libnds/lib\libnds9.a(dcache.o)
 .debug_abbrev  0x000014ab       0x14 c:/devkitPro/libnds/lib\libnds9.a(mpu_setup.o)
 .debug_abbrev  0x000014bf       0x14 c:/devkitPro/libnds/lib\libnds9.a(biosCalls.o)
 .debug_abbrev  0x000014d3       0x14 c:/devkitPro/libnds/lib\libnds9.a(interruptDispatcher.o)
 .debug_abbrev  0x000014e7       0x14 c:/devkitPro/libnds/lib\libnds9.a(swiSoftReset.o)
 .debug_abbrev  0x000014fb      0x19a c:/devkitPro/libnds/lib\libnds9.a(system.o)
 .debug_abbrev  0x00001695      0x1fa c:/devkitPro/libnds/lib\libnds9.a(video.o)

.debug_line     0x00000000     0x2388
 *(.debug_line)
 .debug_line    0x00000000      0x2b6 main.o
 .debug_line    0x000002b6      0x242 c:/devkitPro/libnds/lib\libnds9.a(keys.o)
 .debug_line    0x000004f8      0x309 c:/devkitPro/libnds/lib\libnds9.a(sprite.o)
 .debug_line    0x00000801      0x2a9 c:/devkitPro/libnds/lib\libnds9.a(sprite_alloc.o)
 .debug_line    0x00000aaa      0x23d c:/devkitPro/libnds/lib\libnds9.a(trig.o)
 .debug_line    0x00000ce7      0x355 c:/devkitPro/libnds/lib\libnds9.a(initSystem.o)
 .debug_line    0x0000103c      0x719 c:/devkitPro/libnds/lib\libnds9.a(fifosystem.o)
 .debug_line    0x00001755      0x238 c:/devkitPro/libnds/lib\libnds9.a(interrupts.o)
 .debug_line    0x0000198d      0x1ca c:/devkitPro/libnds/lib\libnds9.a(libnds_exit.o)
 .debug_line    0x00001b57       0xa2 c:/devkitPro/libnds/lib\libnds9.a(dcache.o)
 .debug_line    0x00001bf9       0xe1 c:/devkitPro/libnds/lib\libnds9.a(mpu_setup.o)
 .debug_line    0x00001cda       0xc3 c:/devkitPro/libnds/lib\libnds9.a(biosCalls.o)
 .debug_line    0x00001d9d       0xc2 c:/devkitPro/libnds/lib\libnds9.a(interruptDispatcher.o)
 .debug_line    0x00001e5f       0x91 c:/devkitPro/libnds/lib\libnds9.a(swiSoftReset.o)
 .debug_line    0x00001ef0      0x25c c:/devkitPro/libnds/lib\libnds9.a(system.o)
 .debug_line    0x0000214c      0x23c c:/devkitPro/libnds/lib\libnds9.a(video.o)

.debug_frame    0x00000000      0x8f0
 *(.debug_frame)
 .debug_frame   0x00000000       0x64 main.o
 .debug_frame   0x00000064       0x8c c:/devkitPro/libnds/lib\libnds9.a(keys.o)
 .debug_frame   0x000000f0      0x118 c:/devkitPro/libnds/lib\libnds9.a(sprite.o)
 .debug_frame   0x00000208       0xbc c:/devkitPro/libnds/lib\libnds9.a(sprite_alloc.o)
 .debug_frame   0x000002c4       0xf4 c:/devkitPro/libnds/lib\libnds9.a(trig.o)
 .debug_frame   0x000003b8       0x28 c:/devkitPro/libnds/lib\libnds9.a(initSystem.o)
 .debug_frame   0x000003e0      0x2a4 c:/devkitPro/libnds/lib\libnds9.a(fifosystem.o)
 .debug_frame   0x00000684       0xb8 c:/devkitPro/libnds/lib\libnds9.a(interrupts.o)
 .debug_frame   0x0000073c       0x38 c:/devkitPro/libnds/lib\libnds9.a(libnds_exit.o)
 .debug_frame   0x00000774       0xb8 c:/devkitPro/libnds/lib\libnds9.a(system.o)
 .debug_frame   0x0000082c       0xc4 c:/devkitPro/libnds/lib\libnds9.a(video.o)

.debug_str      0x00000000     0x2a0c
 *(.debug_str)
 .debug_str     0x00000000      0xd3c main.o
                                0xe52 (size before relaxing)
 .debug_str     0x00000d3c      0x184 c:/devkitPro/libnds/lib\libnds9.a(keys.o)
                                0x2da (size before relaxing)
 .debug_str     0x00000ec0      0x1bd c:/devkitPro/libnds/lib\libnds9.a(sprite.o)
                                0x779 (size before relaxing)
 .debug_str     0x0000107d      0x112 c:/devkitPro/libnds/lib\libnds9.a(sprite_alloc.o)
                                0x71d (size before relaxing)
 .debug_str     0x0000118f       0xe8 c:/devkitPro/libnds/lib\libnds9.a(trig.o)
                                0x1d1 (size before relaxing)
 .debug_str     0x00001277      0x6a5 c:/devkitPro/libnds/lib\libnds9.a(initSystem.o)
                                0x94f (size before relaxing)
 .debug_str     0x0000191c      0x536 c:/devkitPro/libnds/lib\libnds9.a(fifosystem.o)
                                0x740 (size before relaxing)
 .debug_str     0x00001e52      0x12b c:/devkitPro/libnds/lib\libnds9.a(interrupts.o)
                                0x379 (size before relaxing)
 .debug_str     0x00001f7d      0x136 c:/devkitPro/libnds/lib\libnds9.a(libnds_exit.o)
                                0x296 (size before relaxing)
 .debug_str     0x000020b3      0x235 c:/devkitPro/libnds/lib\libnds9.a(system.o)
                                0x506 (size before relaxing)
 .debug_str     0x000022e8      0x724 c:/devkitPro/libnds/lib\libnds9.a(video.o)
                                0xb35 (size before relaxing)

.debug_loc      0x00000000     0x2afa
 *(.debug_loc)
 .debug_loc     0x00000000       0xed main.o
 .debug_loc     0x000000ed       0x20 c:/devkitPro/libnds/lib\libnds9.a(keys.o)
 .debug_loc     0x0000010d      0x553 c:/devkitPro/libnds/lib\libnds9.a(sprite.o)
 .debug_loc     0x00000660      0x58a c:/devkitPro/libnds/lib\libnds9.a(sprite_alloc.o)
 .debug_loc     0x00000bea      0x6d3 c:/devkitPro/libnds/lib\libnds9.a(trig.o)
 .debug_loc     0x000012bd       0x64 c:/devkitPro/libnds/lib\libnds9.a(initSystem.o)
 .debug_loc     0x00001321     0x11b6 c:/devkitPro/libnds/lib\libnds9.a(fifosystem.o)
 .debug_loc     0x000024d7      0x220 c:/devkitPro/libnds/lib\libnds9.a(interrupts.o)
 .debug_loc     0x000026f7       0x5c c:/devkitPro/libnds/lib\libnds9.a(libnds_exit.o)
 .debug_loc     0x00002753      0x1ba c:/devkitPro/libnds/lib\libnds9.a(system.o)
 .debug_loc     0x0000290d      0x1ed c:/devkitPro/libnds/lib\libnds9.a(video.o)

.debug_macinfo
 *(.debug_macinfo)

.debug_weaknames
 *(.debug_weaknames)

.debug_funcnames
 *(.debug_funcnames)

.debug_typenames
 *(.debug_typenames)

.debug_varnames
 *(.debug_varnames)

.stack          0x00080000        0x0
                0x00080000                _stack = .
 *(.stack)
LOAD c:/devkitpro/devkitarm/bin/../lib/gcc/arm-eabi/4.6.1/../../../../arm-eabi/lib/thumb/ds_arm9_crt0.o
LOAD c:/devkitpro/devkitarm/bin/../lib/gcc/arm-eabi/4.6.1/thumb/crti.o
LOAD c:/devkitpro/devkitarm/bin/../lib/gcc/arm-eabi/4.6.1/thumb/crtbegin.o
LOAD soundbank.bin.o
LOAD 1_1.o
LOAD Mariotest.o
LOAD Mariotest2.o
LOAD main.o
LOAD c:/devkitPro/libnds/lib\libmm9.a
LOAD c:/devkitPro/libnds/lib\libfat.a
LOAD c:/devkitPro/libnds/lib\libnds9.a
LOAD c:/devkitpro/devkitarm/bin/../lib/gcc/arm-eabi/4.6.1/../../../../arm-eabi/lib/thumb\libstdc++.a
LOAD c:/devkitpro/devkitarm/bin/../lib/gcc/arm-eabi/4.6.1/../../../../arm-eabi/lib/thumb\libm.a
START GROUP
LOAD c:/devkitpro/devkitarm/bin/../lib/gcc/arm-eabi/4.6.1/thumb\libgcc.a
LOAD c:/devkitpro/devkitarm/bin/../lib/gcc/arm-eabi/4.6.1/../../../../arm-eabi/lib/thumb\libg.a
LOAD c:/devkitpro/devkitarm/bin/../lib/gcc/arm-eabi/4.6.1/../../../../arm-eabi/lib/thumb\libc.a
LOAD c:/devkitpro/devkitarm/bin/../lib/gcc/arm-eabi/4.6.1/../../../../arm-eabi/lib/thumb\libsysbase.a
END GROUP
LOAD c:/devkitpro/devkitarm/bin/../lib/gcc/arm-eabi/4.6.1/thumb/crtend.o
LOAD c:/devkitpro/devkitarm/bin/../lib/gcc/arm-eabi/4.6.1/thumb/crtn.o
OUTPUT(c:/Users/Raphael/DS_developemet/DS_CRAFT/platformer/platformer.elf elf32-littlearm)

.debug_ranges   0x00000000      0x7a8
 .debug_ranges  0x00000000       0xa8 main.o
 .debug_ranges  0x000000a8       0x70 c:/devkitPro/libnds/lib\libnds9.a(sprite.o)
 .debug_ranges  0x00000118       0x88 c:/devkitPro/libnds/lib\libnds9.a(sprite_alloc.o)
 .debug_ranges  0x000001a0       0x80 c:/devkitPro/libnds/lib\libnds9.a(trig.o)
 .debug_ranges  0x00000220      0x4b0 c:/devkitPro/libnds/lib\libnds9.a(fifosystem.o)
 .debug_ranges  0x000006d0       0x60 c:/devkitPro/libnds/lib\libnds9.a(interrupts.o)
 .debug_ranges  0x00000730       0x78 c:/devkitPro/libnds/lib\libnds9.a(video.o)
