Archive member included because of file (symbol)

c:/devkitPro/libnds/lib\libnds9.a(background.o)
                              main.o (bgState)
c:/devkitPro/libnds/lib\libnds9.a(keys.o)
                              main.o (scanKeys)
c:/devkitPro/libnds/lib\libnds9.a(sprite.o)
                              main.o (oamInit)
c:/devkitPro/libnds/lib\libnds9.a(sprite_alloc.o)
                              c:/devkitPro/libnds/lib\libnds9.a(sprite.o) (oamAllocReset)
c:/devkitPro/libnds/lib\libnds9.a(trig.o)
                              c:/devkitPro/libnds/lib\libnds9.a(background.o) (sinLerp)
c:/devkitPro/libnds/lib\libnds9.a(initSystem.o)
                              c:/devkitpro/devkitarm/bin/../lib/gcc/arm-eabi/4.6.1/../../../../arm-eabi/lib/thumb/ds_arm9_crt0.o (initSystem)
c:/devkitPro/libnds/lib\libnds9.a(fifosystem.o)
                              c:/devkitPro/libnds/lib\libnds9.a(initSystem.o) (fifoSendValue32)
c:/devkitPro/libnds/lib\libnds9.a(interrupts.o)
                              c:/devkitPro/libnds/lib\libnds9.a(fifosystem.o) (irqSet)
c:/devkitPro/libnds/lib\libnds9.a(libnds_exit.o)
                              c:/devkitpro/devkitarm/bin/../lib/gcc/arm-eabi/4.6.1/../../../../arm-eabi/lib/thumb/ds_arm9_crt0.o (__libnds_exit)
c:/devkitPro/libnds/lib\libnds9.a(timers.o)
                              main.o (timerStart)
c:/devkitPro/libnds/lib\libnds9.a(dcache.o)
                              c:/devkitPro/libnds/lib\libnds9.a(sprite.o) (DC_FlushRange)
c:/devkitPro/libnds/lib\libnds9.a(mpu_setup.o)
                              c:/devkitpro/devkitarm/bin/../lib/gcc/arm-eabi/4.6.1/../../../../arm-eabi/lib/thumb/ds_arm9_crt0.o (__libnds_mpu_setup)
c:/devkitPro/libnds/lib\libnds9.a(biosCalls.o)
                              c:/devkitPro/libnds/lib\libnds9.a(fifosystem.o) (swiIntrWait)
c:/devkitPro/libnds/lib\libnds9.a(interruptDispatcher.o)
                              c:/devkitPro/libnds/lib\libnds9.a(interrupts.o) (IntrMain)
c:/devkitPro/libnds/lib\libnds9.a(swiSoftReset.o)
                              c:/devkitPro/libnds/lib\libnds9.a(fifosystem.o) (swiSoftReset)
c:/devkitPro/libnds/lib\libnds9.a(system.o)
                              c:/devkitPro/libnds/lib\libnds9.a(initSystem.o) (systemMsgHandler)
c:/devkitPro/libnds/lib\libnds9.a(video.o)
                              c:/devkitPro/libnds/lib\libnds9.a(initSystem.o) (vramDefault)
c:/devkitpro/devkitarm/bin/../lib/gcc/arm-eabi/4.6.1/../../../../arm-eabi/lib/thumb\libg.a(lib_a-bsearch.o)
                              c:/devkitPro/libnds/lib\libnds9.a(trig.o) (bsearch)
c:/devkitpro/devkitarm/bin/../lib/gcc/arm-eabi/4.6.1/../../../../arm-eabi/lib/thumb\libg.a(lib_a-init.o)
                              c:/devkitpro/devkitarm/bin/../lib/gcc/arm-eabi/4.6.1/../../../../arm-eabi/lib/thumb/ds_arm9_crt0.o (__libc_init_array)
c:/devkitpro/devkitarm/bin/../lib/gcc/arm-eabi/4.6.1/../../../../arm-eabi/lib/thumb\libg.a(lib_a-malloc.o)
                              c:/devkitPro/libnds/lib\libnds9.a(sprite_alloc.o) (malloc)
c:/devkitpro/devkitarm/bin/../lib/gcc/arm-eabi/4.6.1/../../../../arm-eabi/lib/thumb\libg.a(lib_a-mallocr.o)
                              c:/devkitpro/devkitarm/bin/../lib/gcc/arm-eabi/4.6.1/../../../../arm-eabi/lib/thumb\libg.a(lib_a-malloc.o) (_malloc_r)
c:/devkitpro/devkitarm/bin/../lib/gcc/arm-eabi/4.6.1/../../../../arm-eabi/lib/thumb\libg.a(lib_a-memcpy.o)
                              c:/devkitPro/libnds/lib\libnds9.a(fifosystem.o) (memcpy)
c:/devkitpro/devkitarm/bin/../lib/gcc/arm-eabi/4.6.1/../../../../arm-eabi/lib/thumb\libg.a(lib_a-mlock.o)
                              c:/devkitpro/devkitarm/bin/../lib/gcc/arm-eabi/4.6.1/../../../../arm-eabi/lib/thumb\libg.a(lib_a-mallocr.o) (__malloc_lock)
c:/devkitpro/devkitarm/bin/../lib/gcc/arm-eabi/4.6.1/../../../../arm-eabi/lib/thumb\libg.a(lib_a-realloc.o)
                              c:/devkitPro/libnds/lib\libnds9.a(sprite_alloc.o) (realloc)
c:/devkitpro/devkitarm/bin/../lib/gcc/arm-eabi/4.6.1/../../../../arm-eabi/lib/thumb\libg.a(lib_a-reallocr.o)
                              c:/devkitpro/devkitarm/bin/../lib/gcc/arm-eabi/4.6.1/../../../../arm-eabi/lib/thumb\libg.a(lib_a-realloc.o) (_realloc_r)
c:/devkitpro/devkitarm/bin/../lib/gcc/arm-eabi/4.6.1/../../../../arm-eabi/lib/thumb\libg.a(lib_a-freer.o)
                              c:/devkitpro/devkitarm/bin/../lib/gcc/arm-eabi/4.6.1/../../../../arm-eabi/lib/thumb\libg.a(lib_a-malloc.o) (_free_r)
c:/devkitpro/devkitarm/bin/../lib/gcc/arm-eabi/4.6.1/../../../../arm-eabi/lib/thumb\libg.a(lib_a-impure.o)
                              c:/devkitpro/devkitarm/bin/../lib/gcc/arm-eabi/4.6.1/../../../../arm-eabi/lib/thumb\libg.a(lib_a-malloc.o) (_impure_ptr)
c:/devkitpro/devkitarm/bin/../lib/gcc/arm-eabi/4.6.1/../../../../arm-eabi/lib/thumb\libg.a(lib_a-memmove.o)
                              c:/devkitpro/devkitarm/bin/../lib/gcc/arm-eabi/4.6.1/../../../../arm-eabi/lib/thumb\libg.a(lib_a-reallocr.o) (memmove)
c:/devkitpro/devkitarm/bin/../lib/gcc/arm-eabi/4.6.1/../../../../arm-eabi/lib/thumb\libsysbase.a(sbrk.o)
                              c:/devkitpro/devkitarm/bin/../lib/gcc/arm-eabi/4.6.1/../../../../arm-eabi/lib/thumb\libg.a(lib_a-mallocr.o) (_sbrk_r)
c:/devkitpro/devkitarm/bin/../lib/gcc/arm-eabi/4.6.1/../../../../arm-eabi/lib/thumb\libsysbase.a(times.o)
                              c:/devkitPro/libnds/lib\libnds9.a(initSystem.o) (punixTime)
c:/devkitpro/devkitarm/bin/../lib/gcc/arm-eabi/4.6.1/../../../../arm-eabi/lib/thumb\libsysbase.a(malloc_vars.o)
                              c:/devkitpro/devkitarm/bin/../lib/gcc/arm-eabi/4.6.1/../../../../arm-eabi/lib/thumb/ds_arm9_crt0.o (fake_heap_start)
c:/devkitpro/devkitarm/bin/../lib/gcc/arm-eabi/4.6.1/../../../../arm-eabi/lib/thumb\libsysbase.a(build_argv.o)
                              c:/devkitpro/devkitarm/bin/../lib/gcc/arm-eabi/4.6.1/../../../../arm-eabi/lib/thumb/ds_arm9_crt0.o (build_argv)
c:/devkitpro/devkitarm/bin/../lib/gcc/arm-eabi/4.6.1/../../../../arm-eabi/lib/thumb\libsysbase.a(syscall_support.o)
                              c:/devkitPro/libnds/lib\libnds9.a(initSystem.o) (__syscalls)
c:/devkitpro/devkitarm/bin/../lib/gcc/arm-eabi/4.6.1/../../../../arm-eabi/lib/thumb\libg.a(lib_a-errno.o)
                              c:/devkitpro/devkitarm/bin/../lib/gcc/arm-eabi/4.6.1/../../../../arm-eabi/lib/thumb\libsysbase.a(times.o) (__errno)

Allocating common symbols
Common symbol       size              file

fifo_datamsg_data   0x40              c:/devkitPro/libnds/lib\libnds9.a(fifosystem.o)
__dsimode           0x1               c:/devkitPro/libnds/lib\libnds9.a(initSystem.o)
bgState             0x140             c:/devkitPro/libnds/lib\libnds9.a(background.o)
fifo_buffer         0x800             c:/devkitPro/libnds/lib\libnds9.a(fifosystem.o)
bgIsTextLut         0x8               c:/devkitPro/libnds/lib\libnds9.a(background.o)
fifo_value32_func   0x40              c:/devkitPro/libnds/lib\libnds9.a(fifosystem.o)
fifo_address_func   0x40              c:/devkitPro/libnds/lib\libnds9.a(fifosystem.o)
fifo_value32_data   0x40              c:/devkitPro/libnds/lib\libnds9.a(fifosystem.o)
fifo_value32_queue  0x40              c:/devkitPro/libnds/lib\libnds9.a(fifosystem.o)
fifo_data_queue     0x40              c:/devkitPro/libnds/lib\libnds9.a(fifosystem.o)
OamMemorySub        0x400             c:/devkitPro/libnds/lib\libnds9.a(sprite.o)
punixTime           0x4               c:/devkitpro/devkitarm/bin/../lib/gcc/arm-eabi/4.6.1/../../../../arm-eabi/lib/thumb\libsysbase.a(times.o)
fifo_address_data   0x40              c:/devkitPro/libnds/lib\libnds9.a(fifosystem.o)
fifo_datamsg_func   0x40              c:/devkitPro/libnds/lib\libnds9.a(fifosystem.o)
OamMemory           0x400             c:/devkitPro/libnds/lib\libnds9.a(sprite.o)
fifo_address_queue  0x40              c:/devkitPro/libnds/lib\libnds9.a(fifosystem.o)

Memory Configuration

Name             Origin             Length             Attributes
rom              0x08000000         0x02000000
ewram            0x02000000         0x003ff000
dtcm             0x0b000000         0x00004000
vectors          0x01000000         0x00000100
itcm             0x01000100         0x00007f00
*default*        0x00000000         0xffffffff

Linker script and memory map

                0x01000000                __vectors_start = ORIGIN (vectors)
                0x01000100                __itcm_start = ORIGIN (itcm)
                0x023ff000                __ewram_end = (ORIGIN (ewram) + 0x3ff000)
                0x023ff000                __eheap_end = (ORIGIN (ewram) + 0x3ff000)
                0x0b000000                __dtcm_start = ORIGIN (dtcm)
                0x0b004000                __dtcm_top = (ORIGIN (dtcm) + 0x4000)
                0x0b003ff8                __irq_flags = (__dtcm_top - 0x8)
                0x0b003ffc                __irq_vector = (__dtcm_top - 0x4)
                0x0b003f00                __sp_svc = (__dtcm_top - 0x100)
                0x0b003e00                __sp_irq = (__sp_svc - 0x100)
                0x0b003d00                __sp_usr = (__sp_irq - 0x100)

.init           0x02000000      0x23c
                0x02000000                __text_start = .
 *(.init)
 .init          0x02000000      0x230 c:/devkitpro/devkitarm/bin/../lib/gcc/arm-eabi/4.6.1/../../../../arm-eabi/lib/thumb/ds_arm9_crt0.o
                0x02000000                _start
 .init          0x02000230        0x4 c:/devkitpro/devkitarm/bin/../lib/gcc/arm-eabi/4.6.1/thumb/crti.o
                0x02000230                _init
 .init          0x02000234        0x8 c:/devkitpro/devkitarm/bin/../lib/gcc/arm-eabi/4.6.1/thumb/crtn.o
                0x0200023c                . = ALIGN (0x4)

.plt
 *(.plt)

.text           0x02000240     0x3848
 *(EXCLUDE_FILE(*.itcm*) .text)
 .text          0x02000240        0x0 c:/devkitpro/devkitarm/bin/../lib/gcc/arm-eabi/4.6.1/../../../../arm-eabi/lib/thumb/ds_arm9_crt0.o
 .text          0x02000240        0x0 c:/devkitpro/devkitarm/bin/../lib/gcc/arm-eabi/4.6.1/thumb/crti.o
 .text          0x02000240       0x6c c:/devkitpro/devkitarm/bin/../lib/gcc/arm-eabi/4.6.1/thumb/crtbegin.o
 .text          0x020002ac        0x0 PlayerL.o
 .text          0x020002ac        0x0 PlayerR.o
 .text          0x020002ac        0x0 SingleplLeft.o
 .text          0x020002ac        0x0 SingleplMid.o
 .text          0x020002ac        0x0 SingleplRight.o
 .text          0x020002ac        0x0 TitleBottom.o
 .text          0x020002ac        0x0 TitleTop.o
 .text          0x020002ac        0x0 gfx1.o
 .text          0x020002ac        0x0 gfx2.o
 .text          0x020002ac        0x0 terrain1.o
 .text          0x020002ac        0x0 terrain2.o
 .text          0x020002ac        0x0 terrain3.o
 .text          0x020002ac        0x0 terrain4.o
 .text          0x020002ac       0xb8 main.o
                0x02000318                timer()
 .text          0x02000364      0x314 c:/devkitPro/libnds/lib\libnds9.a(background.o)
                0x02000364                bgIsText
                0x02000370                checkIfText
                0x020003d0                bgUpdate
                0x020004e0                bgInit_call
                0x020005a4                bgInitSub_call
 .text          0x02000678       0xf4 c:/devkitPro/libnds/lib\libnds9.a(keys.o)
                0x02000678                scanKeys
                0x020006e4                keysHeld
                0x020006f0                keysDown
                0x02000700                keysDownRepeat
                0x02000710                keysSetRepeat
                0x02000728                keysUp
                0x02000738                keysCurrent
 .text          0x0200076c      0x3f8 c:/devkitPro/libnds/lib\libnds9.a(sprite.o)
                0x0200076c                oamInit
                0x02000884                oamDisable
                0x020008b4                oamEnable
                0x020008d8                oamGetGfxPtr
                0x02000904                oamClear
                0x0200092c                oamGfxPtrToOffset
                0x02000960                oamSet
                0x02000aac                oamUpdate
                0x02000b0c                oamRotateScale
 .text          0x02000b64      0x460 c:/devkitPro/libnds/lib\libnds9.a(sprite_alloc.o)
                0x02000b94                oamAllocReset
                0x02000bc8                oamAllocateGfx
                0x02000de0                oamFreeGfx
                0x02000f7c                oamCountFragments
 .text          0x02000fc4      0x248 c:/devkitPro/libnds/lib\libnds9.a(trig.o)
                0x02000fc4                asinComp
                0x02000fe8                sinLutLookup
                0x02001024                sinLerp
                0x0200105c                cosLerp
                0x02001070                tanLutLookup
                0x020010a8                tanLerp
                0x02001158                asinLerp
                0x020011d4                acosLerp
                0x020011e8                atanComp
 .text          0x0200120c      0x19c c:/devkitPro/libnds/lib\libnds9.a(initSystem.o)
                0x0200120c                initSystem
 .text          0x020013a8      0xc88 c:/devkitPro/libnds/lib\libnds9.a(fifosystem.o)
                0x02001608                fifoSendAddress
                0x02001634                fifoSendValue32
                0x02001674                fifoSendDatamsg
                0x020016e4                fifoGetAddress
                0x02001758                fifoSetAddressHandler
                0x020017cc                fifoGetValue32
                0x02001840                fifoSetValue32Handler
                0x020018b4                fifoGetDatamsg
                0x02001d58                fifoSetDatamsgHandler
                0x02001df0                fifoCheckAddress
                0x02001e14                fifoCheckDatamsg
                0x02001e38                fifoCheckValue32
                0x02001e5c                fifoInit
 .text          0x02002030      0x1f4 c:/devkitPro/libnds/lib\libnds9.a(interrupts.o)
                0x02002030                irqDummy
                0x02002034                irqSet
                0x020020a4                irqInit
                0x020020f0                irqInitHandler
                0x02002120                irqEnable
                0x02002184                irqDisable
                0x020021e8                irqClear
 .text          0x02002224       0x40 c:/devkitPro/libnds/lib\libnds9.a(libnds_exit.o)
                0x02002224                systemErrorExit
                0x02002228                __libnds_exit
 .text          0x02002264      0x194 c:/devkitPro/libnds/lib\libnds9.a(timers.o)
                0x02002264                timerStart
                0x020022a8                timerElapsed
                0x020022d4                timerPause
                0x02002310                timerStop
                0x02002348                cpuStartTiming
                0x02002384                cpuGetTiming
                0x020023b8                cpuEndTiming
 .text          0x020023f8       0x70 c:/devkitPro/libnds/lib\libnds9.a(dcache.o)
                0x020023f8                DC_FlushAll
                0x02002424                DC_FlushRange
                0x02002440                DC_InvalidateAll
                0x0200244c                DC_InvalidateRange
 .text          0x02002468      0x1b4 c:/devkitPro/libnds/lib\libnds9.a(mpu_setup.o)
                0x02002468                __libnds_mpu_setup
                0x020025a8                memCached
                0x020025c0                memUncached
 *fill*         0x0200261c        0x4 ff
 .text          0x02002620       0x70 c:/devkitPro/libnds/lib\libnds9.a(biosCalls.o)
                0x02002620                swiDelay
                0x02002624                swiIntrWait
                0x02002628                swiWaitForVBlank
                0x0200262c                swiSleep
                0x02002630                swiChangeSoundBias
                0x02002634                swiDivide
                0x02002638                swiRemainder
                0x0200263e                swiDivMod
                0x0200264a                swiCopy
                0x0200264e                swiFastCopy
                0x02002652                swiSqrt
                0x02002656                swiCRC16
                0x0200265a                swiIsDebugger
                0x0200265e                swiUnpackBits
                0x02002662                swiDecompressLZSSWram
                0x02002666                swiDecompressLZSSVramNTR
                0x0200266a                swiDecompressLZSSVramTWL
                0x0200266e                swiDecompressHuffman
                0x02002672                swiDecompressRLEWram
                0x02002676                swiDecompressRLEVram
                0x0200267a                swiWaitForIRQ
                0x0200267e                swiDecodeDelta8
                0x02002682                swiDecodeDelta16
                0x02002686                swiSetHaltCR
 .text          0x02002690        0x0 c:/devkitPro/libnds/lib\libnds9.a(interruptDispatcher.o)
 .text          0x02002690       0x30 c:/devkitPro/libnds/lib\libnds9.a(swiSoftReset.o)
                0x02002690                swiSoftReset
 .text          0x020026c0       0xf0 c:/devkitPro/libnds/lib\libnds9.a(system.o)
                0x020026c0                systemMsgHandler
                0x02002704                systemSleep
                0x0200271c                powerValueHandler
                0x0200272c                powerOn
                0x02002758                powerOff
                0x02002780                ledBlink
                0x02002790                getBatteryLevel
 .text          0x020027b0      0x150 c:/devkitPro/libnds/lib\libnds9.a(video.o)
                0x020027b0                vramSetPrimaryBanks
                0x020027f4                vramSetMainBanks
                0x02002838                vramSetBanks_EFG
                0x02002870                vramRestorePrimaryBanks
                0x0200287c                vramRestoreMainBanks
                0x02002888                vramRestoreBanks_EFG
                0x02002894                setBrightness
                0x020028d4                vramDefault
 .text          0x02002900       0x64 c:/devkitpro/devkitarm/bin/../lib/gcc/arm-eabi/4.6.1/../../../../arm-eabi/lib/thumb\libg.a(lib_a-bsearch.o)
                0x02002900                bsearch
 .text          0x02002964       0x50 c:/devkitpro/devkitarm/bin/../lib/gcc/arm-eabi/4.6.1/../../../../arm-eabi/lib/thumb\libg.a(lib_a-init.o)
                0x02002964                __libc_init_array
 .text          0x020029b4       0x30 c:/devkitpro/devkitarm/bin/../lib/gcc/arm-eabi/4.6.1/../../../../arm-eabi/lib/thumb\libg.a(lib_a-malloc.o)
                0x020029b4                malloc
                0x020029cc                free
 .text          0x020029e4      0x514 c:/devkitpro/devkitarm/bin/../lib/gcc/arm-eabi/4.6.1/../../../../arm-eabi/lib/thumb\libg.a(lib_a-mallocr.o)
                0x020029e4                _malloc_r
 .text          0x02002ef8       0x80 c:/devkitpro/devkitarm/bin/../lib/gcc/arm-eabi/4.6.1/../../../../arm-eabi/lib/thumb\libg.a(lib_a-memcpy.o)
                0x02002ef8                memcpy
 .text          0x02002f78        0x8 c:/devkitpro/devkitarm/bin/../lib/gcc/arm-eabi/4.6.1/../../../../arm-eabi/lib/thumb\libg.a(lib_a-mlock.o)
                0x02002f78                __malloc_lock
                0x02002f7c                __malloc_unlock
 .text          0x02002f80       0x1c c:/devkitpro/devkitarm/bin/../lib/gcc/arm-eabi/4.6.1/../../../../arm-eabi/lib/thumb\libg.a(lib_a-realloc.o)
                0x02002f80                realloc
 .text          0x02002f9c      0x3c4 c:/devkitpro/devkitarm/bin/../lib/gcc/arm-eabi/4.6.1/../../../../arm-eabi/lib/thumb\libg.a(lib_a-reallocr.o)
                0x02002f9c                _realloc_r
 .text          0x02003360      0x248 c:/devkitpro/devkitarm/bin/../lib/gcc/arm-eabi/4.6.1/../../../../arm-eabi/lib/thumb\libg.a(lib_a-freer.o)
                0x02003360                _malloc_trim_r
                0x0200340c                _free_r
 .text          0x020035a8        0x0 c:/devkitpro/devkitarm/bin/../lib/gcc/arm-eabi/4.6.1/../../../../arm-eabi/lib/thumb\libg.a(lib_a-impure.o)
 .text          0x020035a8       0xa8 c:/devkitpro/devkitarm/bin/../lib/gcc/arm-eabi/4.6.1/../../../../arm-eabi/lib/thumb\libg.a(lib_a-memmove.o)
                0x020035a8                memmove
 .text          0x02003650       0x54 c:/devkitpro/devkitarm/bin/../lib/gcc/arm-eabi/4.6.1/../../../../arm-eabi/lib/thumb\libsysbase.a(sbrk.o)
                0x02003650                _sbrk_r
 .text          0x020036a4       0x48 c:/devkitpro/devkitarm/bin/../lib/gcc/arm-eabi/4.6.1/../../../../arm-eabi/lib/thumb\libsysbase.a(times.o)
                0x020036a4                _times
                0x020036b8                _times_r
                0x020036c0                _gettimeofday_r
 .text          0x020036ec        0x0 c:/devkitpro/devkitarm/bin/../lib/gcc/arm-eabi/4.6.1/../../../../arm-eabi/lib/thumb\libsysbase.a(malloc_vars.o)
 .text          0x020036ec       0x48 c:/devkitpro/devkitarm/bin/../lib/gcc/arm-eabi/4.6.1/../../../../arm-eabi/lib/thumb\libsysbase.a(build_argv.o)
                0x020036ec                build_argv
 .text          0x02003734        0x0 c:/devkitpro/devkitarm/bin/../lib/gcc/arm-eabi/4.6.1/../../../../arm-eabi/lib/thumb\libsysbase.a(syscall_support.o)
 .text          0x02003734        0xc c:/devkitpro/devkitarm/bin/../lib/gcc/arm-eabi/4.6.1/../../../../arm-eabi/lib/thumb\libg.a(lib_a-errno.o)
                0x02003734                __errno
 .text          0x02003740        0x0 c:/devkitpro/devkitarm/bin/../lib/gcc/arm-eabi/4.6.1/thumb/crtend.o
 .text          0x02003740        0x0 c:/devkitpro/devkitarm/bin/../lib/gcc/arm-eabi/4.6.1/thumb/crtn.o
 *(.text.*)
 .text.startup  0x02003740      0x348 main.o
                0x02003740                main
 *(.stub)
 *(.gnu.warning)
 *(.gnu.linkonce.t*)
 *(.glue_7)
 .glue_7        0x00000000        0x0 linker stubs
 *(.glue_7t)
 .glue_7t       0x00000000        0x0 linker stubs
                0x02003a88                . = ALIGN (0x4)

.vfp11_veneer   0x02003a88        0x0
 .vfp11_veneer  0x00000000        0x0 linker stubs

.v4_bx          0x02003a88        0x0
 .v4_bx         0x00000000        0x0 linker stubs

.fini           0x02003a88        0xc
 *(.fini)
 .fini          0x02003a88        0x4 c:/devkitpro/devkitarm/bin/../lib/gcc/arm-eabi/4.6.1/thumb/crti.o
                0x02003a88                _fini
 .fini          0x02003a8c        0x8 c:/devkitpro/devkitarm/bin/../lib/gcc/arm-eabi/4.6.1/thumb/crtn.o
                0x02003a94                __text_end = .

.rodata         0x02003a94    0x2b510
 *(.rodata)
 .rodata        0x02003a94      0xa00 PlayerL.o
                0x02003a94                PlayerLTiles
                0x02004294                PlayerLPal
 .rodata        0x02004494      0xa00 PlayerR.o
                0x02004494                PlayerRTiles
                0x02004c94                PlayerRPal
 .rodata        0x02004e94      0x400 SingleplLeft.o
                0x02004e94                SingleplLeftTiles
                0x02005094                SingleplLeftPal
 .rodata        0x02005294      0x400 SingleplMid.o
                0x02005294                SingleplMidTiles
                0x02005494                SingleplMidPal
 .rodata        0x02005694      0x400 SingleplRight.o
                0x02005694                SingleplRightTiles
                0x02005894                SingleplRightPal
 .rodata        0x02005a94     0xc200 TitleBottom.o
                0x02005a94                TitleBottomBitmap
                0x02011a94                TitleBottomPal
 .rodata        0x02011c94     0xc200 TitleTop.o
                0x02011c94                TitleTopBitmap
                0x0201dc94                TitleTopPal
 .rodata        0x0201de94      0x300 gfx1.o
                0x0201de94                gfx1Tiles
                0x0201df94                gfx1Pal
 .rodata        0x0201e194      0x300 gfx2.o
                0x0201e194                gfx2Tiles
                0x0201e294                gfx2Pal
 .rodata        0x0201e494     0x4200 terrain1.o
                0x0201e494                terrain1Tiles
                0x02022494                terrain1Pal
 .rodata        0x02022694     0x4200 terrain2.o
                0x02022694                terrain2Tiles
                0x02026694                terrain2Pal
 .rodata        0x02026894     0x4200 terrain3.o
                0x02026894                terrain3Tiles
                0x0202a894                terrain3Pal
 .rodata        0x0202aa94     0x4200 terrain4.o
                0x0202aa94                terrain4Tiles
                0x0202ea94                terrain4Pal
 .rodata        0x0202ec94      0x308 c:/devkitPro/libnds/lib\libnds9.a(trig.o)
                0x0202ec94                SIN_LUT
                0x0202ed98                TAN_LUT
 .rodata        0x0202ef9c        0x4 c:/devkitpro/devkitarm/bin/../lib/gcc/arm-eabi/4.6.1/../../../../arm-eabi/lib/thumb\libg.a(lib_a-impure.o)
                0x0202ef9c                _global_impure_ptr
 *all.rodata*(*)
 *(.roda)
 *(.rodata.*)
 .rodata.str1.4
                0x0202efa0        0x4 c:/devkitpro/devkitarm/bin/../lib/gcc/arm-eabi/4.6.1/../../../../arm-eabi/lib/thumb\libg.a(lib_a-impure.o)
 *(.gnu.linkonce.r*)
                0x0202efa4                . = ALIGN (0x4)

.ARM.extab
 *(.ARM.extab* .gnu.linkonce.armextab.*)
                0x0202efa4                __exidx_start = .

ARM.exidx
 *(.ARM.exidx* .gnu.linkonce.armexidx.*)
                0x0202efa4                __exidx_end = .
                0x0202efa4                . = ALIGN (0x4)
                0x0202efa4                PROVIDE (__preinit_array_start, .)

.preinit_array
 *(.preinit_array)
                0x0202efa4                PROVIDE (__preinit_array_end, .)
                0x0202efa4                PROVIDE (__init_array_start, .)

.init_array     0x0202efa4        0x4
 *(SORT(.init_array.*))
 *(.init_array)
 .init_array    0x0202efa4        0x4 c:/devkitpro/devkitarm/bin/../lib/gcc/arm-eabi/4.6.1/thumb/crtbegin.o
                0x0202efa8                PROVIDE (__init_array_end, .)
                0x0202efa8                PROVIDE (__fini_array_start, .)

.fini_array     0x0202efa8        0x4
 *(.fini_array)
 .fini_array    0x0202efa8        0x4 c:/devkitpro/devkitarm/bin/../lib/gcc/arm-eabi/4.6.1/thumb/crtbegin.o
 *(SORT(.fini_array.*))
                0x0202efac                PROVIDE (__fini_array_end, .)

.ctors          0x0202efac        0x0
 *crtbegin.o(.ctors)
 *(EXCLUDE_FILE(*crtend.o) .ctors)
 *(SORT(.ctors.*))
 *(.ctors)
                0x0202efac                . = ALIGN (0x4)

.dtors          0x0202efac        0x0
 *crtbegin.o(.dtors)
 *(EXCLUDE_FILE(*crtend.o) .dtors)
 *(SORT(.dtors.*))
 *(.dtors)
                0x0202efac                . = ALIGN (0x4)

.eh_frame       0x0202efac        0x4
 *(.eh_frame)
 .eh_frame      0x0202efac        0x0 c:/devkitpro/devkitarm/bin/../lib/gcc/arm-eabi/4.6.1/thumb/crtbegin.o
 .eh_frame      0x0202efac        0x4 c:/devkitpro/devkitarm/bin/../lib/gcc/arm-eabi/4.6.1/thumb/crtend.o
                0x0202efb0                . = ALIGN (0x4)

.gcc_except_table
                0x0202efb0        0x0
 *(.gcc_except_table)
                0x0202efb0                . = ALIGN (0x4)

.jcr            0x0202efb0        0x4
 *(.jcr)
 .jcr           0x0202efb0        0x0 c:/devkitpro/devkitarm/bin/../lib/gcc/arm-eabi/4.6.1/thumb/crtbegin.o
 .jcr           0x0202efb0        0x4 c:/devkitpro/devkitarm/bin/../lib/gcc/arm-eabi/4.6.1/thumb/crtend.o

.got
 *(.got.plt)
 *(.got)
 *(.rel.got)

.ewram          0x0202efb4        0x0
                0x0202efb4                __ewram_start = ABSOLUTE (.)
 *(.ewram)
 *ewram.*(.text)
                0x0202efb4                . = ALIGN (0x4)

.data           0x0202efb4      0x8ec
                0x0202efb4                __data_start = ABSOLUTE (.)
 *(.data)
 .data          0x0202efb4        0x0 c:/devkitpro/devkitarm/bin/../lib/gcc/arm-eabi/4.6.1/../../../../arm-eabi/lib/thumb/ds_arm9_crt0.o
 .data          0x0202efb4        0x0 c:/devkitpro/devkitarm/bin/../lib/gcc/arm-eabi/4.6.1/thumb/crti.o
 .data          0x0202efb4        0x4 c:/devkitpro/devkitarm/bin/../lib/gcc/arm-eabi/4.6.1/thumb/crtbegin.o
                0x0202efb4                __dso_handle
 .data          0x0202efb8        0x0 PlayerL.o
 .data          0x0202efb8        0x0 PlayerR.o
 .data          0x0202efb8        0x0 SingleplLeft.o
 .data          0x0202efb8        0x0 SingleplMid.o
 .data          0x0202efb8        0x0 SingleplRight.o
 .data          0x0202efb8        0x0 TitleBottom.o
 .data          0x0202efb8        0x0 TitleTop.o
 .data          0x0202efb8        0x0 gfx1.o
 .data          0x0202efb8        0x0 gfx2.o
 .data          0x0202efb8        0x0 terrain1.o
 .data          0x0202efb8        0x0 terrain2.o
 .data          0x0202efb8        0x0 terrain3.o
 .data          0x0202efb8        0x0 terrain4.o
 .data          0x0202efb8        0x0 main.o
 .data          0x0202efb8       0x60 c:/devkitPro/libnds/lib\libnds9.a(background.o)
                0x0202efb8                bgScrollTable
                0x0202efd8                bgTransform
                0x0202eff8                bgControl
 .data          0x0202f018        0x3 c:/devkitPro/libnds/lib\libnds9.a(keys.o)
 *fill*         0x0202f01b        0x1 ff
 .data          0x0202f01c       0x30 c:/devkitPro/libnds/lib\libnds9.a(sprite.o)
                0x0202f01c                oamMain
                0x0202f034                oamSub
 .data          0x0202f04c        0x0 c:/devkitPro/libnds/lib\libnds9.a(sprite_alloc.o)
 .data          0x0202f04c        0x0 c:/devkitPro/libnds/lib\libnds9.a(trig.o)
 .data          0x0202f04c        0x0 c:/devkitPro/libnds/lib\libnds9.a(initSystem.o)
 .data          0x0202f04c       0x10 c:/devkitPro/libnds/lib\libnds9.a(fifosystem.o)
                0x0202f04c                fifo_freewords
                0x0202f050                fifo_buffer_free
                0x0202f054                fifo_send_queue
                0x0202f058                fifo_receive_queue
 .data          0x0202f05c        0x0 c:/devkitPro/libnds/lib\libnds9.a(interrupts.o)
 .data          0x0202f05c        0x0 c:/devkitPro/libnds/lib\libnds9.a(libnds_exit.o)
 .data          0x0202f05c        0x0 c:/devkitPro/libnds/lib\libnds9.a(timers.o)
 .data          0x0202f05c        0x0 c:/devkitPro/libnds/lib\libnds9.a(dcache.o)
 .data          0x0202f05c        0x0 c:/devkitPro/libnds/lib\libnds9.a(mpu_setup.o)
 .data          0x0202f05c        0x0 c:/devkitPro/libnds/lib\libnds9.a(biosCalls.o)
 .data          0x0202f05c        0x0 c:/devkitPro/libnds/lib\libnds9.a(interruptDispatcher.o)
 .data          0x0202f05c        0x0 c:/devkitPro/libnds/lib\libnds9.a(swiSoftReset.o)
 .data          0x0202f05c        0x0 c:/devkitPro/libnds/lib\libnds9.a(system.o)
 .data          0x0202f05c        0x0 c:/devkitPro/libnds/lib\libnds9.a(video.o)
 .data          0x0202f05c        0x0 c:/devkitpro/devkitarm/bin/../lib/gcc/arm-eabi/4.6.1/../../../../arm-eabi/lib/thumb\libg.a(lib_a-bsearch.o)
 .data          0x0202f05c        0x0 c:/devkitpro/devkitarm/bin/../lib/gcc/arm-eabi/4.6.1/../../../../arm-eabi/lib/thumb\libg.a(lib_a-init.o)
 .data          0x0202f05c        0x0 c:/devkitpro/devkitarm/bin/../lib/gcc/arm-eabi/4.6.1/../../../../arm-eabi/lib/thumb\libg.a(lib_a-malloc.o)
 .data          0x0202f05c      0x410 c:/devkitpro/devkitarm/bin/../lib/gcc/arm-eabi/4.6.1/../../../../arm-eabi/lib/thumb\libg.a(lib_a-mallocr.o)
                0x0202f05c                __malloc_av_
                0x0202f464                __malloc_sbrk_base
                0x0202f468                __malloc_trim_threshold
 .data          0x0202f46c        0x0 c:/devkitpro/devkitarm/bin/../lib/gcc/arm-eabi/4.6.1/../../../../arm-eabi/lib/thumb\libg.a(lib_a-memcpy.o)
 .data          0x0202f46c        0x0 c:/devkitpro/devkitarm/bin/../lib/gcc/arm-eabi/4.6.1/../../../../arm-eabi/lib/thumb\libg.a(lib_a-mlock.o)
 .data          0x0202f46c        0x0 c:/devkitpro/devkitarm/bin/../lib/gcc/arm-eabi/4.6.1/../../../../arm-eabi/lib/thumb\libg.a(lib_a-realloc.o)
 .data          0x0202f46c        0x0 c:/devkitpro/devkitarm/bin/../lib/gcc/arm-eabi/4.6.1/../../../../arm-eabi/lib/thumb\libg.a(lib_a-reallocr.o)
 .data          0x0202f46c        0x0 c:/devkitpro/devkitarm/bin/../lib/gcc/arm-eabi/4.6.1/../../../../arm-eabi/lib/thumb\libg.a(lib_a-freer.o)
 *fill*         0x0202f46c        0x4 ff
 .data          0x0202f470      0x430 c:/devkitpro/devkitarm/bin/../lib/gcc/arm-eabi/4.6.1/../../../../arm-eabi/lib/thumb\libg.a(lib_a-impure.o)
                0x0202f470                _impure_ptr
 .data          0x0202f8a0        0x0 c:/devkitpro/devkitarm/bin/../lib/gcc/arm-eabi/4.6.1/../../../../arm-eabi/lib/thumb\libg.a(lib_a-memmove.o)
 .data          0x0202f8a0        0x0 c:/devkitpro/devkitarm/bin/../lib/gcc/arm-eabi/4.6.1/../../../../arm-eabi/lib/thumb\libsysbase.a(sbrk.o)
 .data          0x0202f8a0        0x0 c:/devkitpro/devkitarm/bin/../lib/gcc/arm-eabi/4.6.1/../../../../arm-eabi/lib/thumb\libsysbase.a(times.o)
 .data          0x0202f8a0        0x0 c:/devkitpro/devkitarm/bin/../lib/gcc/arm-eabi/4.6.1/../../../../arm-eabi/lib/thumb\libsysbase.a(malloc_vars.o)
 .data          0x0202f8a0        0x0 c:/devkitpro/devkitarm/bin/../lib/gcc/arm-eabi/4.6.1/../../../../arm-eabi/lib/thumb\libsysbase.a(build_argv.o)
 .data          0x0202f8a0        0x0 c:/devkitpro/devkitarm/bin/../lib/gcc/arm-eabi/4.6.1/../../../../arm-eabi/lib/thumb\libsysbase.a(syscall_support.o)
 .data          0x0202f8a0        0x0 c:/devkitpro/devkitarm/bin/../lib/gcc/arm-eabi/4.6.1/../../../../arm-eabi/lib/thumb\libg.a(lib_a-errno.o)
 .data          0x0202f8a0        0x0 c:/devkitpro/devkitarm/bin/../lib/gcc/arm-eabi/4.6.1/thumb/crtend.o
 .data          0x0202f8a0        0x0 c:/devkitpro/devkitarm/bin/../lib/gcc/arm-eabi/4.6.1/thumb/crtn.o
 *(.data.*)
 *(.gnu.linkonce.d*)
                0x0202f8a0                . = ALIGN (0x4)
                0x0202f8a0                __data_end = ABSOLUTE (.)
                0x0202f8a0                __dtcm_lma = .
                0x0202f8a0                __bss_vma = .

.dtcm           0x0b000000        0x0 load address 0x0202f8a0
 *(.dtcm)
 *(.dtcm.*)
                0x0b000000                . = ALIGN (0x4)
                0x0b000000                __dtcm_end = ABSOLUTE (.)
                0x0202f8a0                __itcm_lma = (__dtcm_lma + SIZEOF (.dtcm))

.itcm           0x01000100      0x194 load address 0x0202f8a0
 *(.itcm)
 .itcm          0x01000100       0xc8 c:/devkitPro/libnds/lib\libnds9.a(interrupts.o)
                0x01000100                irqTable
 .itcm          0x010001c8       0xcc c:/devkitPro/libnds/lib\libnds9.a(interruptDispatcher.o)
                0x010001c8                IntrMain
 *itcm.*(.text)
                0x01000294                . = ALIGN (0x4)
                0x01000294                __itcm_end = ABSOLUTE (.)
                0x0202fa34                __vectors_lma = (__itcm_lma + SIZEOF (.itcm))

.vectors        0x01000000        0x0 load address 0x0202fa34
 *(.vectors)
 *vectors.*(.text)
                0x01000000                . = ALIGN (0x4)
                0x01000000                __vectors_end = ABSOLUTE (.)

.sbss           0x0b000000        0x0
                0x0b000000                __sbss_start = ABSOLUTE (.)
                0x0b000000                __sbss_start__ = ABSOLUTE (.)
 *(.sbss)
                0x0b000000                . = ALIGN (0x4)
                0x0b000000                __sbss_end = ABSOLUTE (.)

.bss            0x0202f8a0     0x1438
                0x0202f8a0                __bss_start = ABSOLUTE (.)
                0x0202f8a0                __bss_start__ = ABSOLUTE (.)
 *(.dynbss)
 *(.gnu.linkonce.b*)
 *(.bss*)
 .bss           0x0202f8a0        0x0 c:/devkitpro/devkitarm/bin/../lib/gcc/arm-eabi/4.6.1/../../../../arm-eabi/lib/thumb/ds_arm9_crt0.o
 .bss           0x0202f8a0        0x0 c:/devkitpro/devkitarm/bin/../lib/gcc/arm-eabi/4.6.1/thumb/crti.o
 .bss           0x0202f8a0       0x1c c:/devkitpro/devkitarm/bin/../lib/gcc/arm-eabi/4.6.1/thumb/crtbegin.o
 .bss           0x0202f8bc        0x0 PlayerL.o
 .bss           0x0202f8bc        0x0 PlayerR.o
 .bss           0x0202f8bc        0x0 SingleplLeft.o
 .bss           0x0202f8bc        0x0 SingleplMid.o
 .bss           0x0202f8bc        0x0 SingleplRight.o
 .bss           0x0202f8bc        0x0 TitleBottom.o
 .bss           0x0202f8bc        0x0 TitleTop.o
 .bss           0x0202f8bc        0x0 gfx1.o
 .bss           0x0202f8bc        0x0 gfx2.o
 .bss           0x0202f8bc        0x0 terrain1.o
 .bss           0x0202f8bc        0x0 terrain2.o
 .bss           0x0202f8bc        0x0 terrain3.o
 .bss           0x0202f8bc        0x0 terrain4.o
 .bss           0x0202f8bc       0x28 main.o
                0x0202f8bc                PlX
                0x0202f8c0                PlY
                0x0202f8c4                Spr1X
                0x0202f8c8                Spr2X
                0x0202f8cc                Spr3X
                0x0202f8d0                Spr1Y
                0x0202f8d4                Spr2Y
                0x0202f8d8                Spr3Y
                0x0202f8dc                e
                0x0202f8e0                count
 .bss           0x0202f8e4        0x0 c:/devkitPro/libnds/lib\libnds9.a(background.o)
 .bss           0x0202f8e4        0x6 c:/devkitPro/libnds/lib\libnds9.a(keys.o)
 .bss           0x0202f8ea        0x0 c:/devkitPro/libnds/lib\libnds9.a(sprite.o)
 .bss           0x0202f8ea        0x0 c:/devkitPro/libnds/lib\libnds9.a(sprite_alloc.o)
 .bss           0x0202f8ea        0x0 c:/devkitPro/libnds/lib\libnds9.a(trig.o)
 .bss           0x0202f8ea        0x0 c:/devkitPro/libnds/lib\libnds9.a(initSystem.o)
 *fill*         0x0202f8ea        0x2 00
 .bss           0x0202f8ec        0x8 c:/devkitPro/libnds/lib\libnds9.a(fifosystem.o)
                0x0202f8f0                processing
 .bss           0x0202f8f4        0x0 c:/devkitPro/libnds/lib\libnds9.a(interrupts.o)
 .bss           0x0202f8f4        0x0 c:/devkitPro/libnds/lib\libnds9.a(libnds_exit.o)
 .bss           0x0202f8f4        0xc c:/devkitPro/libnds/lib\libnds9.a(timers.o)
                0x0202f8f4                elapsed
 .bss           0x0202f900        0x0 c:/devkitPro/libnds/lib\libnds9.a(dcache.o)
 .bss           0x0202f900        0x0 c:/devkitPro/libnds/lib\libnds9.a(mpu_setup.o)
 .bss           0x0202f900        0x0 c:/devkitPro/libnds/lib\libnds9.a(biosCalls.o)
 .bss           0x0202f900        0x0 c:/devkitPro/libnds/lib\libnds9.a(interruptDispatcher.o)
 .bss           0x0202f900        0x0 c:/devkitPro/libnds/lib\libnds9.a(swiSoftReset.o)
 .bss           0x0202f900        0x0 c:/devkitPro/libnds/lib\libnds9.a(system.o)
 .bss           0x0202f900        0x0 c:/devkitPro/libnds/lib\libnds9.a(video.o)
 .bss           0x0202f900        0x0 c:/devkitpro/devkitarm/bin/../lib/gcc/arm-eabi/4.6.1/../../../../arm-eabi/lib/thumb\libg.a(lib_a-bsearch.o)
 .bss           0x0202f900        0x0 c:/devkitpro/devkitarm/bin/../lib/gcc/arm-eabi/4.6.1/../../../../arm-eabi/lib/thumb\libg.a(lib_a-init.o)
 .bss           0x0202f900        0x0 c:/devkitpro/devkitarm/bin/../lib/gcc/arm-eabi/4.6.1/../../../../arm-eabi/lib/thumb\libg.a(lib_a-malloc.o)
 .bss           0x0202f900       0x34 c:/devkitpro/devkitarm/bin/../lib/gcc/arm-eabi/4.6.1/../../../../arm-eabi/lib/thumb\libg.a(lib_a-mallocr.o)
                0x0202f900                __malloc_top_pad
                0x0202f904                __malloc_current_mallinfo
                0x0202f92c                __malloc_max_sbrked_mem
                0x0202f930                __malloc_max_total_mem
 .bss           0x0202f934        0x0 c:/devkitpro/devkitarm/bin/../lib/gcc/arm-eabi/4.6.1/../../../../arm-eabi/lib/thumb\libg.a(lib_a-memcpy.o)
 .bss           0x0202f934        0x0 c:/devkitpro/devkitarm/bin/../lib/gcc/arm-eabi/4.6.1/../../../../arm-eabi/lib/thumb\libg.a(lib_a-mlock.o)
 .bss           0x0202f934        0x0 c:/devkitpro/devkitarm/bin/../lib/gcc/arm-eabi/4.6.1/../../../../arm-eabi/lib/thumb\libg.a(lib_a-realloc.o)
 .bss           0x0202f934        0x0 c:/devkitpro/devkitarm/bin/../lib/gcc/arm-eabi/4.6.1/../../../../arm-eabi/lib/thumb\libg.a(lib_a-reallocr.o)
 .bss           0x0202f934        0x0 c:/devkitpro/devkitarm/bin/../lib/gcc/arm-eabi/4.6.1/../../../../arm-eabi/lib/thumb\libg.a(lib_a-freer.o)
 .bss           0x0202f934        0x0 c:/devkitpro/devkitarm/bin/../lib/gcc/arm-eabi/4.6.1/../../../../arm-eabi/lib/thumb\libg.a(lib_a-impure.o)
 .bss           0x0202f934        0x0 c:/devkitpro/devkitarm/bin/../lib/gcc/arm-eabi/4.6.1/../../../../arm-eabi/lib/thumb\libg.a(lib_a-memmove.o)
 .bss           0x0202f934        0x4 c:/devkitpro/devkitarm/bin/../lib/gcc/arm-eabi/4.6.1/../../../../arm-eabi/lib/thumb\libsysbase.a(sbrk.o)
 .bss           0x0202f938        0x0 c:/devkitpro/devkitarm/bin/../lib/gcc/arm-eabi/4.6.1/../../../../arm-eabi/lib/thumb\libsysbase.a(times.o)
 .bss           0x0202f938        0x8 c:/devkitpro/devkitarm/bin/../lib/gcc/arm-eabi/4.6.1/../../../../arm-eabi/lib/thumb\libsysbase.a(malloc_vars.o)
                0x0202f938                fake_heap_start
                0x0202f93c                fake_heap_end
 .bss           0x0202f940        0x0 c:/devkitpro/devkitarm/bin/../lib/gcc/arm-eabi/4.6.1/../../../../arm-eabi/lib/thumb\libsysbase.a(build_argv.o)
 .bss           0x0202f940        0x8 c:/devkitpro/devkitarm/bin/../lib/gcc/arm-eabi/4.6.1/../../../../arm-eabi/lib/thumb\libsysbase.a(syscall_support.o)
                0x0202f940                __syscalls
 .bss           0x0202f948        0x0 c:/devkitpro/devkitarm/bin/../lib/gcc/arm-eabi/4.6.1/../../../../arm-eabi/lib/thumb\libg.a(lib_a-errno.o)
 .bss           0x0202f948        0x0 c:/devkitpro/devkitarm/bin/../lib/gcc/arm-eabi/4.6.1/thumb/crtend.o
 .bss           0x0202f948        0x0 c:/devkitpro/devkitarm/bin/../lib/gcc/arm-eabi/4.6.1/thumb/crtn.o
 *(COMMON)
 COMMON         0x0202f948      0x148 c:/devkitPro/libnds/lib\libnds9.a(background.o)
                0x0202f948                bgState
                0x0202fa88                bgIsTextLut
 COMMON         0x0202fa90      0x800 c:/devkitPro/libnds/lib\libnds9.a(sprite.o)
                0x0202fa90                OamMemorySub
                0x0202fe90                OamMemory
 COMMON         0x02030290        0x1 c:/devkitPro/libnds/lib\libnds9.a(initSystem.o)
                0x02030290                __dsimode
 *fill*         0x02030291        0x3 00
 COMMON         0x02030294      0xa40 c:/devkitPro/libnds/lib\libnds9.a(fifosystem.o)
                0x02030294                fifo_datamsg_data
                0x020302d4                fifo_buffer
                0x02030ad4                fifo_value32_func
                0x02030b14                fifo_address_func
                0x02030b54                fifo_value32_data
                0x02030b94                fifo_value32_queue
                0x02030bd4                fifo_data_queue
                0x02030c14                fifo_address_data
                0x02030c54                fifo_datamsg_func
                0x02030c94                fifo_address_queue
 COMMON         0x02030cd4        0x4 c:/devkitpro/devkitarm/bin/../lib/gcc/arm-eabi/4.6.1/../../../../arm-eabi/lib/thumb\libsysbase.a(times.o)
                0x02030cd4                punixTime
                0x02030cd8                . = ALIGN (0x4)
                0x02030cd8                __bss_end__ = ABSOLUTE (.)
                0x02030cd8                __end__ = ABSOLUTE (.)

.stab
 *(.stab)

.stabstr
 *(.stabstr)

.stab.excl
 *(.stab.excl)

.stab.exclstr
 *(.stab.exclstr)

.stab.index
 *(.stab.index)

.stab.indexstr
 *(.stab.indexstr)

.ARM.attributes
                0x00000000       0x2f load address 0x0202f8a0
 .ARM.attributes
                0x00000000       0x23 c:/devkitpro/devkitarm/bin/../lib/gcc/arm-eabi/4.6.1/../../../../arm-eabi/lib/thumb/ds_arm9_crt0.o
 .ARM.attributes
                0x00000023       0x18 c:/devkitpro/devkitarm/bin/../lib/gcc/arm-eabi/4.6.1/thumb/crti.o
 .ARM.attributes
                0x0000003b       0x32 c:/devkitpro/devkitarm/bin/../lib/gcc/arm-eabi/4.6.1/thumb/crtbegin.o
 .ARM.attributes
                0x0000006d       0x1d PlayerL.o
 .ARM.attributes
                0x0000008a       0x1d PlayerR.o
 .ARM.attributes
                0x000000a7       0x1d SingleplLeft.o
 .ARM.attributes
                0x000000c4       0x1d SingleplMid.o
 .ARM.attributes
                0x000000e1       0x1d SingleplRight.o
 .ARM.attributes
                0x000000fe       0x1d TitleBottom.o
 .ARM.attributes
                0x0000011b       0x1d TitleTop.o
 .ARM.attributes
                0x00000138       0x1d gfx1.o
 .ARM.attributes
                0x00000155       0x1d gfx2.o
 .ARM.attributes
                0x00000172       0x1d terrain1.o
 .ARM.attributes
                0x0000018f       0x1d terrain2.o
 .ARM.attributes
                0x000001ac       0x1d terrain3.o
 .ARM.attributes
                0x000001c9       0x1d terrain4.o
 .ARM.attributes
                0x000001e6       0x29 main.o
 .ARM.attributes
                0x0000020f       0x29 c:/devkitPro/libnds/lib\libnds9.a(background.o)
 .ARM.attributes
                0x00000238       0x29 c:/devkitPro/libnds/lib\libnds9.a(keys.o)
 .ARM.attributes
                0x00000261       0x29 c:/devkitPro/libnds/lib\libnds9.a(sprite.o)
 .ARM.attributes
                0x0000028a       0x29 c:/devkitPro/libnds/lib\libnds9.a(sprite_alloc.o)
 .ARM.attributes
                0x000002b3       0x29 c:/devkitPro/libnds/lib\libnds9.a(trig.o)
 .ARM.attributes
                0x000002dc       0x29 c:/devkitPro/libnds/lib\libnds9.a(initSystem.o)
 .ARM.attributes
                0x00000305       0x29 c:/devkitPro/libnds/lib\libnds9.a(fifosystem.o)
 .ARM.attributes
                0x0000032e       0x29 c:/devkitPro/libnds/lib\libnds9.a(interrupts.o)
 .ARM.attributes
                0x00000357       0x29 c:/devkitPro/libnds/lib\libnds9.a(libnds_exit.o)
 .ARM.attributes
                0x00000380       0x29 c:/devkitPro/libnds/lib\libnds9.a(timers.o)
 .ARM.attributes
                0x000003a9       0x1d c:/devkitPro/libnds/lib\libnds9.a(dcache.o)
 .ARM.attributes
                0x000003c6       0x23 c:/devkitPro/libnds/lib\libnds9.a(mpu_setup.o)
 .ARM.attributes
                0x000003e9       0x1d c:/devkitPro/libnds/lib\libnds9.a(biosCalls.o)
 .ARM.attributes
                0x00000406       0x1d c:/devkitPro/libnds/lib\libnds9.a(interruptDispatcher.o)
 .ARM.attributes
                0x00000423       0x23 c:/devkitPro/libnds/lib\libnds9.a(swiSoftReset.o)
 .ARM.attributes
                0x00000446       0x29 c:/devkitPro/libnds/lib\libnds9.a(system.o)
 .ARM.attributes
                0x0000046f       0x29 c:/devkitPro/libnds/lib\libnds9.a(video.o)
 .ARM.attributes
                0x00000498       0x32 c:/devkitpro/devkitarm/bin/../lib/gcc/arm-eabi/4.6.1/../../../../arm-eabi/lib/thumb\libg.a(lib_a-bsearch.o)
 .ARM.attributes
                0x000004ca       0x32 c:/devkitpro/devkitarm/bin/../lib/gcc/arm-eabi/4.6.1/../../../../arm-eabi/lib/thumb\libg.a(lib_a-init.o)
 .ARM.attributes
                0x000004fc       0x32 c:/devkitpro/devkitarm/bin/../lib/gcc/arm-eabi/4.6.1/../../../../arm-eabi/lib/thumb\libg.a(lib_a-malloc.o)
 .ARM.attributes
                0x0000052e       0x32 c:/devkitpro/devkitarm/bin/../lib/gcc/arm-eabi/4.6.1/../../../../arm-eabi/lib/thumb\libg.a(lib_a-mallocr.o)
 .ARM.attributes
                0x00000560       0x32 c:/devkitpro/devkitarm/bin/../lib/gcc/arm-eabi/4.6.1/../../../../arm-eabi/lib/thumb\libg.a(lib_a-memcpy.o)
 .ARM.attributes
                0x00000592       0x32 c:/devkitpro/devkitarm/bin/../lib/gcc/arm-eabi/4.6.1/../../../../arm-eabi/lib/thumb\libg.a(lib_a-mlock.o)
 .ARM.attributes
                0x000005c4       0x32 c:/devkitpro/devkitarm/bin/../lib/gcc/arm-eabi/4.6.1/../../../../arm-eabi/lib/thumb\libg.a(lib_a-realloc.o)
 .ARM.attributes
                0x000005f6       0x32 c:/devkitpro/devkitarm/bin/../lib/gcc/arm-eabi/4.6.1/../../../../arm-eabi/lib/thumb\libg.a(lib_a-reallocr.o)
 .ARM.attributes
                0x00000628       0x32 c:/devkitpro/devkitarm/bin/../lib/gcc/arm-eabi/4.6.1/../../../../arm-eabi/lib/thumb\libg.a(lib_a-freer.o)
 .ARM.attributes
                0x0000065a       0x32 c:/devkitpro/devkitarm/bin/../lib/gcc/arm-eabi/4.6.1/../../../../arm-eabi/lib/thumb\libg.a(lib_a-impure.o)
 .ARM.attributes
                0x0000068c       0x32 c:/devkitpro/devkitarm/bin/../lib/gcc/arm-eabi/4.6.1/../../../../arm-eabi/lib/thumb\libg.a(lib_a-memmove.o)
 .ARM.attributes
                0x000006be       0x32 c:/devkitpro/devkitarm/bin/../lib/gcc/arm-eabi/4.6.1/../../../../arm-eabi/lib/thumb\libsysbase.a(sbrk.o)
 .ARM.attributes
                0x000006f0       0x32 c:/devkitpro/devkitarm/bin/../lib/gcc/arm-eabi/4.6.1/../../../../arm-eabi/lib/thumb\libsysbase.a(times.o)
 .ARM.attributes
                0x00000722       0x32 c:/devkitpro/devkitarm/bin/../lib/gcc/arm-eabi/4.6.1/../../../../arm-eabi/lib/thumb\libsysbase.a(malloc_vars.o)
 .ARM.attributes
                0x00000754       0x32 c:/devkitpro/devkitarm/bin/../lib/gcc/arm-eabi/4.6.1/../../../../arm-eabi/lib/thumb\libsysbase.a(build_argv.o)
 .ARM.attributes
                0x00000786       0x32 c:/devkitpro/devkitarm/bin/../lib/gcc/arm-eabi/4.6.1/../../../../arm-eabi/lib/thumb\libsysbase.a(syscall_support.o)
 .ARM.attributes
                0x000007b8       0x32 c:/devkitpro/devkitarm/bin/../lib/gcc/arm-eabi/4.6.1/../../../../arm-eabi/lib/thumb\libg.a(lib_a-errno.o)
 .ARM.attributes
                0x000007ea       0x32 c:/devkitpro/devkitarm/bin/../lib/gcc/arm-eabi/4.6.1/thumb/crtend.o
 .ARM.attributes
                0x0000081c       0x18 c:/devkitpro/devkitarm/bin/../lib/gcc/arm-eabi/4.6.1/thumb/crtn.o

.comment        0x00000000       0x22 load address 0x0202f8a0
 *(.comment)
 .comment       0x00000000       0x22 c:/devkitpro/devkitarm/bin/../lib/gcc/arm-eabi/4.6.1/thumb/crtbegin.o
                                 0x23 (size before relaxing)
 .comment       0x00000000       0x23 main.o
 .comment       0x00000000       0x23 c:/devkitPro/libnds/lib\libnds9.a(background.o)
 .comment       0x00000000       0x23 c:/devkitPro/libnds/lib\libnds9.a(keys.o)
 .comment       0x00000000       0x23 c:/devkitPro/libnds/lib\libnds9.a(sprite.o)
 .comment       0x00000000       0x23 c:/devkitPro/libnds/lib\libnds9.a(sprite_alloc.o)
 .comment       0x00000000       0x23 c:/devkitPro/libnds/lib\libnds9.a(trig.o)
 .comment       0x00000000       0x23 c:/devkitPro/libnds/lib\libnds9.a(initSystem.o)
 .comment       0x00000000       0x23 c:/devkitPro/libnds/lib\libnds9.a(fifosystem.o)
 .comment       0x00000000       0x23 c:/devkitPro/libnds/lib\libnds9.a(interrupts.o)
 .comment       0x00000000       0x23 c:/devkitPro/libnds/lib\libnds9.a(libnds_exit.o)
 .comment       0x00000000       0x23 c:/devkitPro/libnds/lib\libnds9.a(timers.o)
 .comment       0x00000000       0x23 c:/devkitPro/libnds/lib\libnds9.a(system.o)
 .comment       0x00000000       0x23 c:/devkitPro/libnds/lib\libnds9.a(video.o)
 .comment       0x00000000       0x23 c:/devkitpro/devkitarm/bin/../lib/gcc/arm-eabi/4.6.1/../../../../arm-eabi/lib/thumb\libg.a(lib_a-bsearch.o)
 .comment       0x00000000       0x23 c:/devkitpro/devkitarm/bin/../lib/gcc/arm-eabi/4.6.1/../../../../arm-eabi/lib/thumb\libg.a(lib_a-init.o)
 .comment       0x00000000       0x23 c:/devkitpro/devkitarm/bin/../lib/gcc/arm-eabi/4.6.1/../../../../arm-eabi/lib/thumb\libg.a(lib_a-malloc.o)
 .comment       0x00000000       0x23 c:/devkitpro/devkitarm/bin/../lib/gcc/arm-eabi/4.6.1/../../../../arm-eabi/lib/thumb\libg.a(lib_a-mallocr.o)
 .comment       0x00000000       0x23 c:/devkitpro/devkitarm/bin/../lib/gcc/arm-eabi/4.6.1/../../../../arm-eabi/lib/thumb\libg.a(lib_a-memcpy.o)
 .comment       0x00000000       0x23 c:/devkitpro/devkitarm/bin/../lib/gcc/arm-eabi/4.6.1/../../../../arm-eabi/lib/thumb\libg.a(lib_a-mlock.o)
 .comment       0x00000000       0x23 c:/devkitpro/devkitarm/bin/../lib/gcc/arm-eabi/4.6.1/../../../../arm-eabi/lib/thumb\libg.a(lib_a-realloc.o)
 .comment       0x00000000       0x23 c:/devkitpro/devkitarm/bin/../lib/gcc/arm-eabi/4.6.1/../../../../arm-eabi/lib/thumb\libg.a(lib_a-reallocr.o)
 .comment       0x00000000       0x23 c:/devkitpro/devkitarm/bin/../lib/gcc/arm-eabi/4.6.1/../../../../arm-eabi/lib/thumb\libg.a(lib_a-freer.o)
 .comment       0x00000000       0x23 c:/devkitpro/devkitarm/bin/../lib/gcc/arm-eabi/4.6.1/../../../../arm-eabi/lib/thumb\libg.a(lib_a-impure.o)
 .comment       0x00000000       0x23 c:/devkitpro/devkitarm/bin/../lib/gcc/arm-eabi/4.6.1/../../../../arm-eabi/lib/thumb\libg.a(lib_a-memmove.o)
 .comment       0x00000000       0x23 c:/devkitpro/devkitarm/bin/../lib/gcc/arm-eabi/4.6.1/../../../../arm-eabi/lib/thumb\libsysbase.a(sbrk.o)
 .comment       0x00000000       0x23 c:/devkitpro/devkitarm/bin/../lib/gcc/arm-eabi/4.6.1/../../../../arm-eabi/lib/thumb\libsysbase.a(times.o)
 .comment       0x00000000       0x23 c:/devkitpro/devkitarm/bin/../lib/gcc/arm-eabi/4.6.1/../../../../arm-eabi/lib/thumb\libsysbase.a(malloc_vars.o)
 .comment       0x00000000       0x23 c:/devkitpro/devkitarm/bin/../lib/gcc/arm-eabi/4.6.1/../../../../arm-eabi/lib/thumb\libsysbase.a(build_argv.o)
 .comment       0x00000000       0x23 c:/devkitpro/devkitarm/bin/../lib/gcc/arm-eabi/4.6.1/../../../../arm-eabi/lib/thumb\libsysbase.a(syscall_support.o)
 .comment       0x00000000       0x23 c:/devkitpro/devkitarm/bin/../lib/gcc/arm-eabi/4.6.1/../../../../arm-eabi/lib/thumb\libg.a(lib_a-errno.o)
 .comment       0x00000000       0x23 c:/devkitpro/devkitarm/bin/../lib/gcc/arm-eabi/4.6.1/thumb/crtend.o

.debug
 *(.debug)

.line
 *(.line)

.debug_srcinfo
 *(.debug_srcinfo)

.debug_sfnames
 *(.debug_sfnames)

.debug_aranges  0x00000000      0x248 load address 0x0202f8a0
 *(.debug_aranges)
 .debug_aranges
                0x00000000       0x28 main.o
 .debug_aranges
                0x00000028       0x20 c:/devkitPro/libnds/lib\libnds9.a(background.o)
 .debug_aranges
                0x00000048       0x20 c:/devkitPro/libnds/lib\libnds9.a(keys.o)
 .debug_aranges
                0x00000068       0x20 c:/devkitPro/libnds/lib\libnds9.a(sprite.o)
 .debug_aranges
                0x00000088       0x20 c:/devkitPro/libnds/lib\libnds9.a(sprite_alloc.o)
 .debug_aranges
                0x000000a8       0x20 c:/devkitPro/libnds/lib\libnds9.a(trig.o)
 .debug_aranges
                0x000000c8       0x20 c:/devkitPro/libnds/lib\libnds9.a(initSystem.o)
 .debug_aranges
                0x000000e8       0x20 c:/devkitPro/libnds/lib\libnds9.a(fifosystem.o)
 .debug_aranges
                0x00000108       0x20 c:/devkitPro/libnds/lib\libnds9.a(interrupts.o)
 .debug_aranges
                0x00000128       0x20 c:/devkitPro/libnds/lib\libnds9.a(libnds_exit.o)
 .debug_aranges
                0x00000148       0x20 c:/devkitPro/libnds/lib\libnds9.a(timers.o)
 .debug_aranges
                0x00000168       0x20 c:/devkitPro/libnds/lib\libnds9.a(dcache.o)
 .debug_aranges
                0x00000188       0x20 c:/devkitPro/libnds/lib\libnds9.a(mpu_setup.o)
 .debug_aranges
                0x000001a8       0x20 c:/devkitPro/libnds/lib\libnds9.a(biosCalls.o)
 .debug_aranges
                0x000001c8       0x20 c:/devkitPro/libnds/lib\libnds9.a(interruptDispatcher.o)
 .debug_aranges
                0x000001e8       0x20 c:/devkitPro/libnds/lib\libnds9.a(swiSoftReset.o)
 .debug_aranges
                0x00000208       0x20 c:/devkitPro/libnds/lib\libnds9.a(system.o)
 .debug_aranges
                0x00000228       0x20 c:/devkitPro/libnds/lib\libnds9.a(video.o)

.debug_pubnames
 *(.debug_pubnames)

.debug_info     0x00000000     0x7d39 load address 0x0202f8a0
 *(.debug_info)
 .debug_info    0x00000000     0x1723 main.o
 .debug_info    0x00001723      0x8f0 c:/devkitPro/libnds/lib\libnds9.a(background.o)
 .debug_info    0x00002013      0x3d0 c:/devkitPro/libnds/lib\libnds9.a(keys.o)
 .debug_info    0x000023e3      0xbf4 c:/devkitPro/libnds/lib\libnds9.a(sprite.o)
 .debug_info    0x00002fd7      0xb1a c:/devkitPro/libnds/lib\libnds9.a(sprite_alloc.o)
 .debug_info    0x00003af1      0x4c4 c:/devkitPro/libnds/lib\libnds9.a(trig.o)
 .debug_info    0x00003fb5      0xeb7 c:/devkitPro/libnds/lib\libnds9.a(initSystem.o)
 .debug_info    0x00004e6c     0x11cd c:/devkitPro/libnds/lib\libnds9.a(fifosystem.o)
 .debug_info    0x00006039      0x5c9 c:/devkitPro/libnds/lib\libnds9.a(interrupts.o)
 .debug_info    0x00006602      0x2a6 c:/devkitPro/libnds/lib\libnds9.a(libnds_exit.o)
 .debug_info    0x000068a8      0x3a1 c:/devkitPro/libnds/lib\libnds9.a(timers.o)
 .debug_info    0x00006c49       0xba c:/devkitPro/libnds/lib\libnds9.a(dcache.o)
 .debug_info    0x00006d03       0xc4 c:/devkitPro/libnds/lib\libnds9.a(mpu_setup.o)
 .debug_info    0x00006dc7       0xbf c:/devkitPro/libnds/lib\libnds9.a(biosCalls.o)
 .debug_info    0x00006e86       0xc9 c:/devkitPro/libnds/lib\libnds9.a(interruptDispatcher.o)
 .debug_info    0x00006f4f       0xc2 c:/devkitPro/libnds/lib\libnds9.a(swiSoftReset.o)
 .debug_info    0x00007011      0x6db c:/devkitPro/libnds/lib\libnds9.a(system.o)
 .debug_info    0x000076ec      0x64d c:/devkitPro/libnds/lib\libnds9.a(video.o)

.debug_abbrev   0x00000000     0x1cfa load address 0x0202f8a0
 *(.debug_abbrev)
 .debug_abbrev  0x00000000      0x387 main.o
 .debug_abbrev  0x00000387      0x278 c:/devkitPro/libnds/lib\libnds9.a(background.o)
 .debug_abbrev  0x000005ff      0x176 c:/devkitPro/libnds/lib\libnds9.a(keys.o)
 .debug_abbrev  0x00000775      0x2c1 c:/devkitPro/libnds/lib\libnds9.a(sprite.o)
 .debug_abbrev  0x00000a36      0x27e c:/devkitPro/libnds/lib\libnds9.a(sprite_alloc.o)
 .debug_abbrev  0x00000cb4      0x1ac c:/devkitPro/libnds/lib\libnds9.a(trig.o)
 .debug_abbrev  0x00000e60      0x242 c:/devkitPro/libnds/lib\libnds9.a(initSystem.o)
 .debug_abbrev  0x000010a2      0x3d3 c:/devkitPro/libnds/lib\libnds9.a(fifosystem.o)
 .debug_abbrev  0x00001475      0x21e c:/devkitPro/libnds/lib\libnds9.a(interrupts.o)
 .debug_abbrev  0x00001693      0x131 c:/devkitPro/libnds/lib\libnds9.a(libnds_exit.o)
 .debug_abbrev  0x000017c4      0x197 c:/devkitPro/libnds/lib\libnds9.a(timers.o)
 .debug_abbrev  0x0000195b       0x14 c:/devkitPro/libnds/lib\libnds9.a(dcache.o)
 .debug_abbrev  0x0000196f       0x14 c:/devkitPro/libnds/lib\libnds9.a(mpu_setup.o)
 .debug_abbrev  0x00001983       0x14 c:/devkitPro/libnds/lib\libnds9.a(biosCalls.o)
 .debug_abbrev  0x00001997       0x14 c:/devkitPro/libnds/lib\libnds9.a(interruptDispatcher.o)
 .debug_abbrev  0x000019ab       0x14 c:/devkitPro/libnds/lib\libnds9.a(swiSoftReset.o)
 .debug_abbrev  0x000019bf      0x19a c:/devkitPro/libnds/lib\libnds9.a(system.o)
 .debug_abbrev  0x00001b59      0x1a1 c:/devkitPro/libnds/lib\libnds9.a(video.o)

.debug_line     0x00000000     0x2900 load address 0x0202f8a0
 *(.debug_line)
 .debug_line    0x00000000      0x40c main.o
 .debug_line    0x0000040c      0x2af c:/devkitPro/libnds/lib\libnds9.a(background.o)
 .debug_line    0x000006bb      0x242 c:/devkitPro/libnds/lib\libnds9.a(keys.o)
 .debug_line    0x000008fd      0x309 c:/devkitPro/libnds/lib\libnds9.a(sprite.o)
 .debug_line    0x00000c06      0x2a9 c:/devkitPro/libnds/lib\libnds9.a(sprite_alloc.o)
 .debug_line    0x00000eaf      0x23d c:/devkitPro/libnds/lib\libnds9.a(trig.o)
 .debug_line    0x000010ec      0x355 c:/devkitPro/libnds/lib\libnds9.a(initSystem.o)
 .debug_line    0x00001441      0x715 c:/devkitPro/libnds/lib\libnds9.a(fifosystem.o)
 .debug_line    0x00001b56      0x238 c:/devkitPro/libnds/lib\libnds9.a(interrupts.o)
 .debug_line    0x00001d8e      0x1ca c:/devkitPro/libnds/lib\libnds9.a(libnds_exit.o)
 .debug_line    0x00001f58      0x1b2 c:/devkitPro/libnds/lib\libnds9.a(timers.o)
 .debug_line    0x0000210a       0xa2 c:/devkitPro/libnds/lib\libnds9.a(dcache.o)
 .debug_line    0x000021ac       0xe1 c:/devkitPro/libnds/lib\libnds9.a(mpu_setup.o)
 .debug_line    0x0000228d       0xc3 c:/devkitPro/libnds/lib\libnds9.a(biosCalls.o)
 .debug_line    0x00002350       0xc2 c:/devkitPro/libnds/lib\libnds9.a(interruptDispatcher.o)
 .debug_line    0x00002412       0x91 c:/devkitPro/libnds/lib\libnds9.a(swiSoftReset.o)
 .debug_line    0x000024a3      0x25c c:/devkitPro/libnds/lib\libnds9.a(system.o)
 .debug_line    0x000026ff      0x201 c:/devkitPro/libnds/lib\libnds9.a(video.o)

.debug_frame    0x00000000      0xa58 load address 0x0202f8a0
 *(.debug_frame)
 .debug_frame   0x00000000       0x6c main.o
 .debug_frame   0x0000006c       0xa4 c:/devkitPro/libnds/lib\libnds9.a(background.o)
 .debug_frame   0x00000110       0x8c c:/devkitPro/libnds/lib\libnds9.a(keys.o)
 .debug_frame   0x0000019c      0x118 c:/devkitPro/libnds/lib\libnds9.a(sprite.o)
 .debug_frame   0x000002b4       0xbc c:/devkitPro/libnds/lib\libnds9.a(sprite_alloc.o)
 .debug_frame   0x00000370       0xf4 c:/devkitPro/libnds/lib\libnds9.a(trig.o)
 .debug_frame   0x00000464       0x28 c:/devkitPro/libnds/lib\libnds9.a(initSystem.o)
 .debug_frame   0x0000048c      0x2a4 c:/devkitPro/libnds/lib\libnds9.a(fifosystem.o)
 .debug_frame   0x00000730       0xb8 c:/devkitPro/libnds/lib\libnds9.a(interrupts.o)
 .debug_frame   0x000007e8       0x38 c:/devkitPro/libnds/lib\libnds9.a(libnds_exit.o)
 .debug_frame   0x00000820       0xc4 c:/devkitPro/libnds/lib\libnds9.a(timers.o)
 .debug_frame   0x000008e4       0xb8 c:/devkitPro/libnds/lib\libnds9.a(system.o)
 .debug_frame   0x0000099c       0xbc c:/devkitPro/libnds/lib\libnds9.a(video.o)

.debug_str      0x00000000     0x3133 load address 0x0202f8a0
 *(.debug_str)
 .debug_str     0x00000000     0x12b3 main.o
                               0x13fe (size before relaxing)
 .debug_str     0x000012b3      0x2fd c:/devkitPro/libnds/lib\libnds9.a(background.o)
                                0x66e (size before relaxing)
 .debug_str     0x000015b0      0x178 c:/devkitPro/libnds/lib\libnds9.a(keys.o)
                                0x2da (size before relaxing)
 .debug_str     0x00001728      0x1b7 c:/devkitPro/libnds/lib\libnds9.a(sprite.o)
                                0x779 (size before relaxing)
 .debug_str     0x000018df      0x112 c:/devkitPro/libnds/lib\libnds9.a(sprite_alloc.o)
                                0x71d (size before relaxing)
 .debug_str     0x000019f1       0xe8 c:/devkitPro/libnds/lib\libnds9.a(trig.o)
                                0x1d1 (size before relaxing)
 .debug_str     0x00001ad9      0x692 c:/devkitPro/libnds/lib\libnds9.a(initSystem.o)
                                0x951 (size before relaxing)
 .debug_str     0x0000216b      0x536 c:/devkitPro/libnds/lib\libnds9.a(fifosystem.o)
                                0x740 (size before relaxing)
 .debug_str     0x000026a1      0x12b c:/devkitPro/libnds/lib\libnds9.a(interrupts.o)
                                0x379 (size before relaxing)
 .debug_str     0x000027cc       0x86 c:/devkitPro/libnds/lib\libnds9.a(libnds_exit.o)
                                0x296 (size before relaxing)
 .debug_str     0x00002852       0xde c:/devkitPro/libnds/lib\libnds9.a(timers.o)
                                0x1e2 (size before relaxing)
 .debug_str     0x00002930      0x231 c:/devkitPro/libnds/lib\libnds9.a(system.o)
                                0x504 (size before relaxing)
 .debug_str     0x00002b61      0x5d2 c:/devkitPro/libnds/lib\libnds9.a(video.o)
                                0xb10 (size before relaxing)

.debug_loc      0x00000000     0x31d2 load address 0x0202f8a0
 *(.debug_loc)
 .debug_loc     0x00000000      0x1d1 main.o
 .debug_loc     0x000001d1      0x379 c:/devkitPro/libnds/lib\libnds9.a(background.o)
 .debug_loc     0x0000054a       0x20 c:/devkitPro/libnds/lib\libnds9.a(keys.o)
 .debug_loc     0x0000056a      0x553 c:/devkitPro/libnds/lib\libnds9.a(sprite.o)
 .debug_loc     0x00000abd      0x58a c:/devkitPro/libnds/lib\libnds9.a(sprite_alloc.o)
 .debug_loc     0x00001047      0x6d3 c:/devkitPro/libnds/lib\libnds9.a(trig.o)
 .debug_loc     0x0000171a       0x64 c:/devkitPro/libnds/lib\libnds9.a(initSystem.o)
 .debug_loc     0x0000177e     0x1198 c:/devkitPro/libnds/lib\libnds9.a(fifosystem.o)
 .debug_loc     0x00002916      0x22b c:/devkitPro/libnds/lib\libnds9.a(interrupts.o)
 .debug_loc     0x00002b41       0x5c c:/devkitPro/libnds/lib\libnds9.a(libnds_exit.o)
 .debug_loc     0x00002b9d      0x2ae c:/devkitPro/libnds/lib\libnds9.a(timers.o)
 .debug_loc     0x00002e4b      0x1ba c:/devkitPro/libnds/lib\libnds9.a(system.o)
 .debug_loc     0x00003005      0x1cd c:/devkitPro/libnds/lib\libnds9.a(video.o)

.debug_macinfo
 *(.debug_macinfo)

.debug_weaknames
 *(.debug_weaknames)

.debug_funcnames
 *(.debug_funcnames)

.debug_typenames
 *(.debug_typenames)

.debug_varnames
 *(.debug_varnames)

.stack          0x00080000        0x0 load address 0x0202f8a0
                0x00080000                _stack = .
 *(.stack)
LOAD c:/devkitpro/devkitarm/bin/../lib/gcc/arm-eabi/4.6.1/../../../../arm-eabi/lib/thumb/ds_arm9_crt0.o
LOAD c:/devkitpro/devkitarm/bin/../lib/gcc/arm-eabi/4.6.1/thumb/crti.o
LOAD c:/devkitpro/devkitarm/bin/../lib/gcc/arm-eabi/4.6.1/thumb/crtbegin.o
LOAD PlayerL.o
LOAD PlayerR.o
LOAD SingleplLeft.o
LOAD SingleplMid.o
LOAD SingleplRight.o
LOAD TitleBottom.o
LOAD TitleTop.o
LOAD gfx1.o
LOAD gfx2.o
LOAD terrain1.o
LOAD terrain2.o
LOAD terrain3.o
LOAD terrain4.o
LOAD main.o
LOAD c:/devkitPro/libnds/lib\libnds9.a
LOAD c:/devkitpro/devkitarm/bin/../lib/gcc/arm-eabi/4.6.1/../../../../arm-eabi/lib/thumb\libstdc++.a
LOAD c:/devkitpro/devkitarm/bin/../lib/gcc/arm-eabi/4.6.1/../../../../arm-eabi/lib/thumb\libm.a
START GROUP
LOAD c:/devkitpro/devkitarm/bin/../lib/gcc/arm-eabi/4.6.1/thumb\libgcc.a
LOAD c:/devkitpro/devkitarm/bin/../lib/gcc/arm-eabi/4.6.1/../../../../arm-eabi/lib/thumb\libg.a
LOAD c:/devkitpro/devkitarm/bin/../lib/gcc/arm-eabi/4.6.1/../../../../arm-eabi/lib/thumb\libc.a
LOAD c:/devkitpro/devkitarm/bin/../lib/gcc/arm-eabi/4.6.1/../../../../arm-eabi/lib/thumb\libsysbase.a
END GROUP
LOAD c:/devkitpro/devkitarm/bin/../lib/gcc/arm-eabi/4.6.1/thumb/crtend.o
LOAD c:/devkitpro/devkitarm/bin/../lib/gcc/arm-eabi/4.6.1/thumb/crtn.o
OUTPUT(c:/Users/Raphael/Desktop/DS/2D-Craft_DS/2D-Craft_DS/2D-Craft_DS.elf elf32-littlearm)

.debug_ranges   0x00000000      0x8d8 load address 0x0202f8a0
 .debug_ranges  0x00000000      0x180 main.o
 .debug_ranges  0x00000180       0x88 c:/devkitPro/libnds/lib\libnds9.a(background.o)
 .debug_ranges  0x00000208       0x70 c:/devkitPro/libnds/lib\libnds9.a(sprite.o)
 .debug_ranges  0x00000278       0x88 c:/devkitPro/libnds/lib\libnds9.a(sprite_alloc.o)
 .debug_ranges  0x00000300       0x80 c:/devkitPro/libnds/lib\libnds9.a(trig.o)
 .debug_ranges  0x00000380      0x498 c:/devkitPro/libnds/lib\libnds9.a(fifosystem.o)
 .debug_ranges  0x00000818       0x60 c:/devkitPro/libnds/lib\libnds9.a(interrupts.o)
 .debug_ranges  0x00000878       0x60 c:/devkitPro/libnds/lib\libnds9.a(video.o)
